[confirm/1/rfsg-R4/source-read] 1/24 AB source-read rfsg-R4
[confirm/1/rfsg-R4/source-read] 1/24 AB source-read rfsg-current
[confirm/1/rfsg-R4/source-read] 2/24 BA source-read rfsg-current
[confirm/1/rfsg-R4/source-read] 2/24 BA source-read rfsg-R4
[confirm/1/rfsg-R4/source-read] 3/24 BA source-read rfsg-current
[confirm/1/rfsg-R4/source-read] 3/24 BA source-read rfsg-R4
[confirm/1/rfsg-R4/source-read] 4/24 AB source-read rfsg-R4
[confirm/1/rfsg-R4/source-read] 4/24 AB source-read rfsg-current
[confirm/1/rfsg-R4/source-read] 5/24 AB source-read rfsg-R4
[confirm/1/rfsg-R4/source-read] 5/24 AB source-read rfsg-current
[confirm/1/rfsg-R4/source-read] 6/24 BA source-read rfsg-current
[confirm/1/rfsg-R4/source-read] 6/24 BA source-read rfsg-R4
[confirm/1/rfsg-R4/source-read] 7/24 AB source-read rfsg-R4
[confirm/1/rfsg-R4/source-read] 7/24 AB source-read rfsg-current
[confirm/1/rfsg-R4/source-read] 8/24 BA source-read rfsg-current
[confirm/1/rfsg-R4/source-read] 8/24 BA source-read rfsg-R4
[confirm/1/rfsg-R4/source-read] 9/24 BA source-read rfsg-current
[confirm/1/rfsg-R4/source-read] 9/24 BA source-read rfsg-R4
[confirm/1/rfsg-R4/source-read] 10/24 AB source-read rfsg-R4
[confirm/1/rfsg-R4/source-read] 10/24 AB source-read rfsg-current
[confirm/1/rfsg-R4/source-read] 11/24 BA source-read rfsg-current
[confirm/1/rfsg-R4/source-read] 11/24 BA source-read rfsg-R4
[confirm/1/rfsg-R4/source-read] 12/24 AB source-read rfsg-R4
[confirm/1/rfsg-R4/source-read] 12/24 AB source-read rfsg-current
[confirm/1/rfsg-R4/source-read] 13/24 AB source-read rfsg-R4
[confirm/1/rfsg-R4/source-read] 13/24 AB source-read rfsg-current
[confirm/1/rfsg-R4/source-read] 14/24 BA source-read rfsg-current
[confirm/1/rfsg-R4/source-read] 14/24 BA source-read rfsg-R4
[confirm/1/rfsg-R4/source-read] 15/24 BA source-read rfsg-current
[confirm/1/rfsg-R4/source-read] 15/24 BA source-read rfsg-R4
[confirm/1/rfsg-R4/source-read] 16/24 AB source-read rfsg-R4
[confirm/1/rfsg-R4/source-read] 16/24 AB source-read rfsg-current
[confirm/1/rfsg-R4/source-read] 17/24 AB source-read rfsg-R4
[confirm/1/rfsg-R4/source-read] 17/24 AB source-read rfsg-current
[confirm/1/rfsg-R4/source-read] 18/24 BA source-read rfsg-current
[confirm/1/rfsg-R4/source-read] 18/24 BA source-read rfsg-R4
[confirm/1/rfsg-R4/source-read] 19/24 AB source-read rfsg-R4
[confirm/1/rfsg-R4/source-read] 19/24 AB source-read rfsg-current
[confirm/1/rfsg-R4/source-read] 20/24 BA source-read rfsg-current
[confirm/1/rfsg-R4/source-read] 20/24 BA source-read rfsg-R4
[confirm/1/rfsg-R4/source-read] 21/24 BA source-read rfsg-current
[confirm/1/rfsg-R4/source-read] 21/24 BA source-read rfsg-R4
[confirm/1/rfsg-R4/source-read] 22/24 AB source-read rfsg-R4
[confirm/1/rfsg-R4/source-read] 22/24 AB source-read rfsg-current
[confirm/1/rfsg-R4/source-read] 23/24 BA source-read rfsg-current
[confirm/1/rfsg-R4/source-read] 23/24 BA source-read rfsg-R4
[confirm/1/rfsg-R4/source-read] 24/24 AB source-read rfsg-R4
[confirm/1/rfsg-R4/source-read] 24/24 AB source-read rfsg-current
[confirm/1/rfsg-R4/source-write-read] 1/24 AB source-write-read rfsg-R4
[confirm/1/rfsg-R4/source-write-read] 1/24 AB source-write-read rfsg-current
[confirm/1/rfsg-R4/source-write-read] 2/24 BA source-write-read rfsg-current
[confirm/1/rfsg-R4/source-write-read] 2/24 BA source-write-read rfsg-R4
[confirm/1/rfsg-R4/source-write-read] 3/24 BA source-write-read rfsg-current
[confirm/1/rfsg-R4/source-write-read] 3/24 BA source-write-read rfsg-R4
[confirm/1/rfsg-R4/source-write-read] 4/24 AB source-write-read rfsg-R4
[confirm/1/rfsg-R4/source-write-read] 4/24 AB source-write-read rfsg-current
[confirm/1/rfsg-R4/source-write-read] 5/24 AB source-write-read rfsg-R4
[confirm/1/rfsg-R4/source-write-read] 5/24 AB source-write-read rfsg-current
[confirm/1/rfsg-R4/source-write-read] 6/24 BA source-write-read rfsg-current
[confirm/1/rfsg-R4/source-write-read] 6/24 BA source-write-read rfsg-R4
[confirm/1/rfsg-R4/source-write-read] 7/24 AB source-write-read rfsg-R4
[confirm/1/rfsg-R4/source-write-read] 7/24 AB source-write-read rfsg-current
[confirm/1/rfsg-R4/source-write-read] 8/24 BA source-write-read rfsg-current
[confirm/1/rfsg-R4/source-write-read] 8/24 BA source-write-read rfsg-R4
[confirm/1/rfsg-R4/source-write-read] 9/24 BA source-write-read rfsg-current
[confirm/1/rfsg-R4/source-write-read] 9/24 BA source-write-read rfsg-R4
[confirm/1/rfsg-R4/source-write-read] 10/24 AB source-write-read rfsg-R4
[confirm/1/rfsg-R4/source-write-read] 10/24 AB source-write-read rfsg-current
[confirm/1/rfsg-R4/source-write-read] 11/24 BA source-write-read rfsg-current
[confirm/1/rfsg-R4/source-write-read] 11/24 BA source-write-read rfsg-R4
[confirm/1/rfsg-R4/source-write-read] 12/24 AB source-write-read rfsg-R4
[confirm/1/rfsg-R4/source-write-read] 12/24 AB source-write-read rfsg-current
[confirm/1/rfsg-R4/source-write-read] 13/24 AB source-write-read rfsg-R4
[confirm/1/rfsg-R4/source-write-read] 13/24 AB source-write-read rfsg-current
[confirm/1/rfsg-R4/source-write-read] 14/24 BA source-write-read rfsg-current
[confirm/1/rfsg-R4/source-write-read] 14/24 BA source-write-read rfsg-R4
[confirm/1/rfsg-R4/source-write-read] 15/24 BA source-write-read rfsg-current
[confirm/1/rfsg-R4/source-write-read] 15/24 BA source-write-read rfsg-R4
[confirm/1/rfsg-R4/source-write-read] 16/24 AB source-write-read rfsg-R4
[confirm/1/rfsg-R4/source-write-read] 16/24 AB source-write-read rfsg-current
[confirm/1/rfsg-R4/source-write-read] 17/24 AB source-write-read rfsg-R4
[confirm/1/rfsg-R4/source-write-read] 17/24 AB source-write-read rfsg-current
[confirm/1/rfsg-R4/source-write-read] 18/24 BA source-write-read rfsg-current
[confirm/1/rfsg-R4/source-write-read] 18/24 BA source-write-read rfsg-R4
[confirm/1/rfsg-R4/source-write-read] 19/24 AB source-write-read rfsg-R4
[confirm/1/rfsg-R4/source-write-read] 19/24 AB source-write-read rfsg-current
[confirm/1/rfsg-R4/source-write-read] 20/24 BA source-write-read rfsg-current
[confirm/1/rfsg-R4/source-write-read] 20/24 BA source-write-read rfsg-R4
[confirm/1/rfsg-R4/source-write-read] 21/24 BA source-write-read rfsg-current
[confirm/1/rfsg-R4/source-write-read] 21/24 BA source-write-read rfsg-R4
[confirm/1/rfsg-R4/source-write-read] 22/24 AB source-write-read rfsg-R4
[confirm/1/rfsg-R4/source-write-read] 22/24 AB source-write-read rfsg-current
[confirm/1/rfsg-R4/source-write-read] 23/24 BA source-write-read rfsg-current
[confirm/1/rfsg-R4/source-write-read] 23/24 BA source-write-read rfsg-R4
[confirm/1/rfsg-R4/source-write-read] 24/24 AB source-write-read rfsg-R4
[confirm/1/rfsg-R4/source-write-read] 24/24 AB source-write-read rfsg-current
[confirm/1/rfsg-W1/source-unobserved-write] 1/24 AB source-unobserved-write rfsg-W1
[confirm/1/rfsg-W1/source-unobserved-write] 1/24 AB source-unobserved-write rfsg-current
[confirm/1/rfsg-W1/source-unobserved-write] 2/24 BA source-unobserved-write rfsg-current
[confirm/1/rfsg-W1/source-unobserved-write] 2/24 BA source-unobserved-write rfsg-W1
[confirm/1/rfsg-W1/source-unobserved-write] 3/24 BA source-unobserved-write rfsg-current
[confirm/1/rfsg-W1/source-unobserved-write] 3/24 BA source-unobserved-write rfsg-W1
[confirm/1/rfsg-W1/source-unobserved-write] 4/24 AB source-unobserved-write rfsg-W1
[confirm/1/rfsg-W1/source-unobserved-write] 4/24 AB source-unobserved-write rfsg-current
[confirm/1/rfsg-W1/source-unobserved-write] 5/24 AB source-unobserved-write rfsg-W1
[confirm/1/rfsg-W1/source-unobserved-write] 5/24 AB source-unobserved-write rfsg-current
[confirm/1/rfsg-W1/source-unobserved-write] 6/24 BA source-unobserved-write rfsg-current
[confirm/1/rfsg-W1/source-unobserved-write] 6/24 BA source-unobserved-write rfsg-W1
[confirm/1/rfsg-W1/source-unobserved-write] 7/24 AB source-unobserved-write rfsg-W1
[confirm/1/rfsg-W1/source-unobserved-write] 7/24 AB source-unobserved-write rfsg-current
[confirm/1/rfsg-W1/source-unobserved-write] 8/24 BA source-unobserved-write rfsg-current
[confirm/1/rfsg-W1/source-unobserved-write] 8/24 BA source-unobserved-write rfsg-W1
[confirm/1/rfsg-W1/source-unobserved-write] 9/24 BA source-unobserved-write rfsg-current
[confirm/1/rfsg-W1/source-unobserved-write] 9/24 BA source-unobserved-write rfsg-W1
[confirm/1/rfsg-W1/source-unobserved-write] 10/24 AB source-unobserved-write rfsg-W1
[confirm/1/rfsg-W1/source-unobserved-write] 10/24 AB source-unobserved-write rfsg-current
[confirm/1/rfsg-W1/source-unobserved-write] 11/24 BA source-unobserved-write rfsg-current
[confirm/1/rfsg-W1/source-unobserved-write] 11/24 BA source-unobserved-write rfsg-W1
[confirm/1/rfsg-W1/source-unobserved-write] 12/24 AB source-unobserved-write rfsg-W1
[confirm/1/rfsg-W1/source-unobserved-write] 12/24 AB source-unobserved-write rfsg-current
[confirm/1/rfsg-W1/source-unobserved-write] 13/24 AB source-unobserved-write rfsg-W1
[confirm/1/rfsg-W1/source-unobserved-write] 13/24 AB source-unobserved-write rfsg-current
[confirm/1/rfsg-W1/source-unobserved-write] 14/24 BA source-unobserved-write rfsg-current
[confirm/1/rfsg-W1/source-unobserved-write] 14/24 BA source-unobserved-write rfsg-W1
[confirm/1/rfsg-W1/source-unobserved-write] 15/24 BA source-unobserved-write rfsg-current
[confirm/1/rfsg-W1/source-unobserved-write] 15/24 BA source-unobserved-write rfsg-W1
[confirm/1/rfsg-W1/source-unobserved-write] 16/24 AB source-unobserved-write rfsg-W1
[confirm/1/rfsg-W1/source-unobserved-write] 16/24 AB source-unobserved-write rfsg-current
[confirm/1/rfsg-W1/source-unobserved-write] 17/24 AB source-unobserved-write rfsg-W1
[confirm/1/rfsg-W1/source-unobserved-write] 17/24 AB source-unobserved-write rfsg-current
[confirm/1/rfsg-W1/source-unobserved-write] 18/24 BA source-unobserved-write rfsg-current
[confirm/1/rfsg-W1/source-unobserved-write] 18/24 BA source-unobserved-write rfsg-W1
[confirm/1/rfsg-W1/source-unobserved-write] 19/24 AB source-unobserved-write rfsg-W1
[confirm/1/rfsg-W1/source-unobserved-write] 19/24 AB source-unobserved-write rfsg-current
[confirm/1/rfsg-W1/source-unobserved-write] 20/24 BA source-unobserved-write rfsg-current
[confirm/1/rfsg-W1/source-unobserved-write] 20/24 BA source-unobserved-write rfsg-W1
[confirm/1/rfsg-W1/source-unobserved-write] 21/24 BA source-unobserved-write rfsg-current
[confirm/1/rfsg-W1/source-unobserved-write] 21/24 BA source-unobserved-write rfsg-W1
[confirm/1/rfsg-W1/source-unobserved-write] 22/24 AB source-unobserved-write rfsg-W1
[confirm/1/rfsg-W1/source-unobserved-write] 22/24 AB source-unobserved-write rfsg-current
[confirm/1/rfsg-W1/source-unobserved-write] 23/24 BA source-unobserved-write rfsg-current
[confirm/1/rfsg-W1/source-unobserved-write] 23/24 BA source-unobserved-write rfsg-W1
[confirm/1/rfsg-W1/source-unobserved-write] 24/24 AB source-unobserved-write rfsg-W1
[confirm/1/rfsg-W1/source-unobserved-write] 24/24 AB source-unobserved-write rfsg-current
[confirm/1/rfsg-W1/source-write-read] 1/24 AB source-write-read rfsg-W1
[confirm/1/rfsg-W1/source-write-read] 1/24 AB source-write-read rfsg-current
[confirm/1/rfsg-W1/source-write-read] 2/24 BA source-write-read rfsg-current
[confirm/1/rfsg-W1/source-write-read] 2/24 BA source-write-read rfsg-W1
[confirm/1/rfsg-W1/source-write-read] 3/24 BA source-write-read rfsg-current
[confirm/1/rfsg-W1/source-write-read] 3/24 BA source-write-read rfsg-W1
[confirm/1/rfsg-W1/source-write-read] 4/24 AB source-write-read rfsg-W1
[confirm/1/rfsg-W1/source-write-read] 4/24 AB source-write-read rfsg-current
[confirm/1/rfsg-W1/source-write-read] 5/24 AB source-write-read rfsg-W1
[confirm/1/rfsg-W1/source-write-read] 5/24 AB source-write-read rfsg-current
[confirm/1/rfsg-W1/source-write-read] 6/24 BA source-write-read rfsg-current
[confirm/1/rfsg-W1/source-write-read] 6/24 BA source-write-read rfsg-W1
[confirm/1/rfsg-W1/source-write-read] 7/24 AB source-write-read rfsg-W1
[confirm/1/rfsg-W1/source-write-read] 7/24 AB source-write-read rfsg-current
[confirm/1/rfsg-W1/source-write-read] 8/24 BA source-write-read rfsg-current
[confirm/1/rfsg-W1/source-write-read] 8/24 BA source-write-read rfsg-W1
[confirm/1/rfsg-W1/source-write-read] 9/24 BA source-write-read rfsg-current
[confirm/1/rfsg-W1/source-write-read] 9/24 BA source-write-read rfsg-W1
[confirm/1/rfsg-W1/source-write-read] 10/24 AB source-write-read rfsg-W1
[confirm/1/rfsg-W1/source-write-read] 10/24 AB source-write-read rfsg-current
[confirm/1/rfsg-W1/source-write-read] 11/24 BA source-write-read rfsg-current
[confirm/1/rfsg-W1/source-write-read] 11/24 BA source-write-read rfsg-W1
[confirm/1/rfsg-W1/source-write-read] 12/24 AB source-write-read rfsg-W1
[confirm/1/rfsg-W1/source-write-read] 12/24 AB source-write-read rfsg-current
[confirm/1/rfsg-W1/source-write-read] 13/24 AB source-write-read rfsg-W1
[confirm/1/rfsg-W1/source-write-read] 13/24 AB source-write-read rfsg-current
[confirm/1/rfsg-W1/source-write-read] 14/24 BA source-write-read rfsg-current
[confirm/1/rfsg-W1/source-write-read] 14/24 BA source-write-read rfsg-W1
[confirm/1/rfsg-W1/source-write-read] 15/24 BA source-write-read rfsg-current
[confirm/1/rfsg-W1/source-write-read] 15/24 BA source-write-read rfsg-W1
[confirm/1/rfsg-W1/source-write-read] 16/24 AB source-write-read rfsg-W1
[confirm/1/rfsg-W1/source-write-read] 16/24 AB source-write-read rfsg-current
[confirm/1/rfsg-W1/source-write-read] 17/24 AB source-write-read rfsg-W1
[confirm/1/rfsg-W1/source-write-read] 17/24 AB source-write-read rfsg-current
[confirm/1/rfsg-W1/source-write-read] 18/24 BA source-write-read rfsg-current
[confirm/1/rfsg-W1/source-write-read] 18/24 BA source-write-read rfsg-W1
[confirm/1/rfsg-W1/source-write-read] 19/24 AB source-write-read rfsg-W1
[confirm/1/rfsg-W1/source-write-read] 19/24 AB source-write-read rfsg-current
[confirm/1/rfsg-W1/source-write-read] 20/24 BA source-write-read rfsg-current
[confirm/1/rfsg-W1/source-write-read] 20/24 BA source-write-read rfsg-W1
[confirm/1/rfsg-W1/source-write-read] 21/24 BA source-write-read rfsg-current
[confirm/1/rfsg-W1/source-write-read] 21/24 BA source-write-read rfsg-W1
[confirm/1/rfsg-W1/source-write-read] 22/24 AB source-write-read rfsg-W1
[confirm/1/rfsg-W1/source-write-read] 22/24 AB source-write-read rfsg-current
[confirm/1/rfsg-W1/source-write-read] 23/24 BA source-write-read rfsg-current
[confirm/1/rfsg-W1/source-write-read] 23/24 BA source-write-read rfsg-W1
[confirm/1/rfsg-W1/source-write-read] 24/24 AB source-write-read rfsg-W1
[confirm/1/rfsg-W1/source-write-read] 24/24 AB source-write-read rfsg-current
[
  {
    "label": "confirm/1/rfsg-R4/source-read",
    "pairs": 24,
    "median": 1.3956102862914854,
    "q1": 1.241109814936607,
    "q3": 1.518923433590035,
    "min": 1.0374770629638759,
    "max": 2.531177291763611,
    "candidateFasterPairs": 24,
    "controlFasterPairs": 0
  },
  {
    "label": "confirm/1/rfsg-R4/source-write-read",
    "pairs": 24,
    "median": 1.1264453545115871,
    "q1": 0.9791645867717775,
    "q3": 1.2521328725623297,
    "min": 0.7975490390069518,
    "max": 1.7974536305014368,
    "candidateFasterPairs": 16,
    "controlFasterPairs": 8
  },
  {
    "label": "confirm/1/rfsg-W1/source-unobserved-write",
    "pairs": 24,
    "median": 2.39859183783868,
    "q1": 2.1915386124308727,
    "q3": 2.5722863417710675,
    "min": 1.4032995058711015,
    "max": 3.62166976510755,
    "candidateFasterPairs": 24,
    "controlFasterPairs": 0
  },
  {
    "label": "confirm/1/rfsg-W1/source-write-read",
    "pairs": 24,
    "median": 1.4350557834896578,
    "q1": 1.2847725087329056,
    "q3": 1.6634549093828181,
    "min": 0.93008992195453,
    "max": 2.6661893055190906,
    "candidateFasterPairs": 23,
    "controlFasterPairs": 1
  }
]
