[confirm/3/rfsg-R4/source-read] 1/24 AB source-read rfsg-R4
[confirm/3/rfsg-R4/source-read] 1/24 AB source-read rfsg-current
[confirm/3/rfsg-R4/source-read] 2/24 BA source-read rfsg-current
[confirm/3/rfsg-R4/source-read] 2/24 BA source-read rfsg-R4
[confirm/3/rfsg-R4/source-read] 3/24 BA source-read rfsg-current
[confirm/3/rfsg-R4/source-read] 3/24 BA source-read rfsg-R4
[confirm/3/rfsg-R4/source-read] 4/24 AB source-read rfsg-R4
[confirm/3/rfsg-R4/source-read] 4/24 AB source-read rfsg-current
[confirm/3/rfsg-R4/source-read] 5/24 AB source-read rfsg-R4
[confirm/3/rfsg-R4/source-read] 5/24 AB source-read rfsg-current
[confirm/3/rfsg-R4/source-read] 6/24 BA source-read rfsg-current
[confirm/3/rfsg-R4/source-read] 6/24 BA source-read rfsg-R4
[confirm/3/rfsg-R4/source-read] 7/24 AB source-read rfsg-R4
[confirm/3/rfsg-R4/source-read] 7/24 AB source-read rfsg-current
[confirm/3/rfsg-R4/source-read] 8/24 BA source-read rfsg-current
[confirm/3/rfsg-R4/source-read] 8/24 BA source-read rfsg-R4
[confirm/3/rfsg-R4/source-read] 9/24 BA source-read rfsg-current
[confirm/3/rfsg-R4/source-read] 9/24 BA source-read rfsg-R4
[confirm/3/rfsg-R4/source-read] 10/24 AB source-read rfsg-R4
[confirm/3/rfsg-R4/source-read] 10/24 AB source-read rfsg-current
[confirm/3/rfsg-R4/source-read] 11/24 BA source-read rfsg-current
[confirm/3/rfsg-R4/source-read] 11/24 BA source-read rfsg-R4
[confirm/3/rfsg-R4/source-read] 12/24 AB source-read rfsg-R4
[confirm/3/rfsg-R4/source-read] 12/24 AB source-read rfsg-current
[confirm/3/rfsg-R4/source-read] 13/24 AB source-read rfsg-R4
[confirm/3/rfsg-R4/source-read] 13/24 AB source-read rfsg-current
[confirm/3/rfsg-R4/source-read] 14/24 BA source-read rfsg-current
[confirm/3/rfsg-R4/source-read] 14/24 BA source-read rfsg-R4
[confirm/3/rfsg-R4/source-read] 15/24 BA source-read rfsg-current
[confirm/3/rfsg-R4/source-read] 15/24 BA source-read rfsg-R4
[confirm/3/rfsg-R4/source-read] 16/24 AB source-read rfsg-R4
[confirm/3/rfsg-R4/source-read] 16/24 AB source-read rfsg-current
[confirm/3/rfsg-R4/source-read] 17/24 AB source-read rfsg-R4
[confirm/3/rfsg-R4/source-read] 17/24 AB source-read rfsg-current
[confirm/3/rfsg-R4/source-read] 18/24 BA source-read rfsg-current
[confirm/3/rfsg-R4/source-read] 18/24 BA source-read rfsg-R4
[confirm/3/rfsg-R4/source-read] 19/24 AB source-read rfsg-R4
[confirm/3/rfsg-R4/source-read] 19/24 AB source-read rfsg-current
[confirm/3/rfsg-R4/source-read] 20/24 BA source-read rfsg-current
[confirm/3/rfsg-R4/source-read] 20/24 BA source-read rfsg-R4
[confirm/3/rfsg-R4/source-read] 21/24 BA source-read rfsg-current
[confirm/3/rfsg-R4/source-read] 21/24 BA source-read rfsg-R4
[confirm/3/rfsg-R4/source-read] 22/24 AB source-read rfsg-R4
[confirm/3/rfsg-R4/source-read] 22/24 AB source-read rfsg-current
[confirm/3/rfsg-R4/source-read] 23/24 BA source-read rfsg-current
[confirm/3/rfsg-R4/source-read] 23/24 BA source-read rfsg-R4
[confirm/3/rfsg-R4/source-read] 24/24 AB source-read rfsg-R4
[confirm/3/rfsg-R4/source-read] 24/24 AB source-read rfsg-current
[confirm/3/rfsg-R4/source-write-read] 1/24 AB source-write-read rfsg-R4
[confirm/3/rfsg-R4/source-write-read] 1/24 AB source-write-read rfsg-current
[confirm/3/rfsg-R4/source-write-read] 2/24 BA source-write-read rfsg-current
[confirm/3/rfsg-R4/source-write-read] 2/24 BA source-write-read rfsg-R4
[confirm/3/rfsg-R4/source-write-read] 3/24 BA source-write-read rfsg-current
[confirm/3/rfsg-R4/source-write-read] 3/24 BA source-write-read rfsg-R4
[confirm/3/rfsg-R4/source-write-read] 4/24 AB source-write-read rfsg-R4
[confirm/3/rfsg-R4/source-write-read] 4/24 AB source-write-read rfsg-current
[confirm/3/rfsg-R4/source-write-read] 5/24 AB source-write-read rfsg-R4
[confirm/3/rfsg-R4/source-write-read] 5/24 AB source-write-read rfsg-current
[confirm/3/rfsg-R4/source-write-read] 6/24 BA source-write-read rfsg-current
[confirm/3/rfsg-R4/source-write-read] 6/24 BA source-write-read rfsg-R4
[confirm/3/rfsg-R4/source-write-read] 7/24 AB source-write-read rfsg-R4
[confirm/3/rfsg-R4/source-write-read] 7/24 AB source-write-read rfsg-current
[confirm/3/rfsg-R4/source-write-read] 8/24 BA source-write-read rfsg-current
[confirm/3/rfsg-R4/source-write-read] 8/24 BA source-write-read rfsg-R4
[confirm/3/rfsg-R4/source-write-read] 9/24 BA source-write-read rfsg-current
[confirm/3/rfsg-R4/source-write-read] 9/24 BA source-write-read rfsg-R4
[confirm/3/rfsg-R4/source-write-read] 10/24 AB source-write-read rfsg-R4
[confirm/3/rfsg-R4/source-write-read] 10/24 AB source-write-read rfsg-current
[confirm/3/rfsg-R4/source-write-read] 11/24 BA source-write-read rfsg-current
[confirm/3/rfsg-R4/source-write-read] 11/24 BA source-write-read rfsg-R4
[confirm/3/rfsg-R4/source-write-read] 12/24 AB source-write-read rfsg-R4
[confirm/3/rfsg-R4/source-write-read] 12/24 AB source-write-read rfsg-current
[confirm/3/rfsg-R4/source-write-read] 13/24 AB source-write-read rfsg-R4
[confirm/3/rfsg-R4/source-write-read] 13/24 AB source-write-read rfsg-current
[confirm/3/rfsg-R4/source-write-read] 14/24 BA source-write-read rfsg-current
[confirm/3/rfsg-R4/source-write-read] 14/24 BA source-write-read rfsg-R4
[confirm/3/rfsg-R4/source-write-read] 15/24 BA source-write-read rfsg-current
[confirm/3/rfsg-R4/source-write-read] 15/24 BA source-write-read rfsg-R4
[confirm/3/rfsg-R4/source-write-read] 16/24 AB source-write-read rfsg-R4
[confirm/3/rfsg-R4/source-write-read] 16/24 AB source-write-read rfsg-current
[confirm/3/rfsg-R4/source-write-read] 17/24 AB source-write-read rfsg-R4
[confirm/3/rfsg-R4/source-write-read] 17/24 AB source-write-read rfsg-current
[confirm/3/rfsg-R4/source-write-read] 18/24 BA source-write-read rfsg-current
[confirm/3/rfsg-R4/source-write-read] 18/24 BA source-write-read rfsg-R4
[confirm/3/rfsg-R4/source-write-read] 19/24 AB source-write-read rfsg-R4
[confirm/3/rfsg-R4/source-write-read] 19/24 AB source-write-read rfsg-current
[confirm/3/rfsg-R4/source-write-read] 20/24 BA source-write-read rfsg-current
[confirm/3/rfsg-R4/source-write-read] 20/24 BA source-write-read rfsg-R4
[confirm/3/rfsg-R4/source-write-read] 21/24 BA source-write-read rfsg-current
[confirm/3/rfsg-R4/source-write-read] 21/24 BA source-write-read rfsg-R4
[confirm/3/rfsg-R4/source-write-read] 22/24 AB source-write-read rfsg-R4
[confirm/3/rfsg-R4/source-write-read] 22/24 AB source-write-read rfsg-current
[confirm/3/rfsg-R4/source-write-read] 23/24 BA source-write-read rfsg-current
[confirm/3/rfsg-R4/source-write-read] 23/24 BA source-write-read rfsg-R4
[confirm/3/rfsg-R4/source-write-read] 24/24 AB source-write-read rfsg-R4
[confirm/3/rfsg-R4/source-write-read] 24/24 AB source-write-read rfsg-current
[confirm/3/rfsg-W1/source-unobserved-write] 1/24 AB source-unobserved-write rfsg-W1
[confirm/3/rfsg-W1/source-unobserved-write] 1/24 AB source-unobserved-write rfsg-current
[confirm/3/rfsg-W1/source-unobserved-write] 2/24 BA source-unobserved-write rfsg-current
[confirm/3/rfsg-W1/source-unobserved-write] 2/24 BA source-unobserved-write rfsg-W1
[confirm/3/rfsg-W1/source-unobserved-write] 3/24 BA source-unobserved-write rfsg-current
[confirm/3/rfsg-W1/source-unobserved-write] 3/24 BA source-unobserved-write rfsg-W1
[confirm/3/rfsg-W1/source-unobserved-write] 4/24 AB source-unobserved-write rfsg-W1
[confirm/3/rfsg-W1/source-unobserved-write] 4/24 AB source-unobserved-write rfsg-current
[confirm/3/rfsg-W1/source-unobserved-write] 5/24 AB source-unobserved-write rfsg-W1
[confirm/3/rfsg-W1/source-unobserved-write] 5/24 AB source-unobserved-write rfsg-current
[confirm/3/rfsg-W1/source-unobserved-write] 6/24 BA source-unobserved-write rfsg-current
[confirm/3/rfsg-W1/source-unobserved-write] 6/24 BA source-unobserved-write rfsg-W1
[confirm/3/rfsg-W1/source-unobserved-write] 7/24 AB source-unobserved-write rfsg-W1
[confirm/3/rfsg-W1/source-unobserved-write] 7/24 AB source-unobserved-write rfsg-current
[confirm/3/rfsg-W1/source-unobserved-write] 8/24 BA source-unobserved-write rfsg-current
[confirm/3/rfsg-W1/source-unobserved-write] 8/24 BA source-unobserved-write rfsg-W1
[confirm/3/rfsg-W1/source-unobserved-write] 9/24 BA source-unobserved-write rfsg-current
[confirm/3/rfsg-W1/source-unobserved-write] 9/24 BA source-unobserved-write rfsg-W1
[confirm/3/rfsg-W1/source-unobserved-write] 10/24 AB source-unobserved-write rfsg-W1
[confirm/3/rfsg-W1/source-unobserved-write] 10/24 AB source-unobserved-write rfsg-current
[confirm/3/rfsg-W1/source-unobserved-write] 11/24 BA source-unobserved-write rfsg-current
[confirm/3/rfsg-W1/source-unobserved-write] 11/24 BA source-unobserved-write rfsg-W1
[confirm/3/rfsg-W1/source-unobserved-write] 12/24 AB source-unobserved-write rfsg-W1
[confirm/3/rfsg-W1/source-unobserved-write] 12/24 AB source-unobserved-write rfsg-current
[confirm/3/rfsg-W1/source-unobserved-write] 13/24 AB source-unobserved-write rfsg-W1
[confirm/3/rfsg-W1/source-unobserved-write] 13/24 AB source-unobserved-write rfsg-current
[confirm/3/rfsg-W1/source-unobserved-write] 14/24 BA source-unobserved-write rfsg-current
[confirm/3/rfsg-W1/source-unobserved-write] 14/24 BA source-unobserved-write rfsg-W1
[confirm/3/rfsg-W1/source-unobserved-write] 15/24 BA source-unobserved-write rfsg-current
[confirm/3/rfsg-W1/source-unobserved-write] 15/24 BA source-unobserved-write rfsg-W1
[confirm/3/rfsg-W1/source-unobserved-write] 16/24 AB source-unobserved-write rfsg-W1
[confirm/3/rfsg-W1/source-unobserved-write] 16/24 AB source-unobserved-write rfsg-current
[confirm/3/rfsg-W1/source-unobserved-write] 17/24 AB source-unobserved-write rfsg-W1
[confirm/3/rfsg-W1/source-unobserved-write] 17/24 AB source-unobserved-write rfsg-current
[confirm/3/rfsg-W1/source-unobserved-write] 18/24 BA source-unobserved-write rfsg-current
[confirm/3/rfsg-W1/source-unobserved-write] 18/24 BA source-unobserved-write rfsg-W1
[confirm/3/rfsg-W1/source-unobserved-write] 19/24 AB source-unobserved-write rfsg-W1
[confirm/3/rfsg-W1/source-unobserved-write] 19/24 AB source-unobserved-write rfsg-current
[confirm/3/rfsg-W1/source-unobserved-write] 20/24 BA source-unobserved-write rfsg-current
[confirm/3/rfsg-W1/source-unobserved-write] 20/24 BA source-unobserved-write rfsg-W1
[confirm/3/rfsg-W1/source-unobserved-write] 21/24 BA source-unobserved-write rfsg-current
[confirm/3/rfsg-W1/source-unobserved-write] 21/24 BA source-unobserved-write rfsg-W1
[confirm/3/rfsg-W1/source-unobserved-write] 22/24 AB source-unobserved-write rfsg-W1
[confirm/3/rfsg-W1/source-unobserved-write] 22/24 AB source-unobserved-write rfsg-current
[confirm/3/rfsg-W1/source-unobserved-write] 23/24 BA source-unobserved-write rfsg-current
[confirm/3/rfsg-W1/source-unobserved-write] 23/24 BA source-unobserved-write rfsg-W1
[confirm/3/rfsg-W1/source-unobserved-write] 24/24 AB source-unobserved-write rfsg-W1
[confirm/3/rfsg-W1/source-unobserved-write] 24/24 AB source-unobserved-write rfsg-current
[confirm/3/rfsg-W1/source-write-read] 1/24 AB source-write-read rfsg-W1
[confirm/3/rfsg-W1/source-write-read] 1/24 AB source-write-read rfsg-current
[confirm/3/rfsg-W1/source-write-read] 2/24 BA source-write-read rfsg-current
[confirm/3/rfsg-W1/source-write-read] 2/24 BA source-write-read rfsg-W1
[confirm/3/rfsg-W1/source-write-read] 3/24 BA source-write-read rfsg-current
[confirm/3/rfsg-W1/source-write-read] 3/24 BA source-write-read rfsg-W1
[confirm/3/rfsg-W1/source-write-read] 4/24 AB source-write-read rfsg-W1
[confirm/3/rfsg-W1/source-write-read] 4/24 AB source-write-read rfsg-current
[confirm/3/rfsg-W1/source-write-read] 5/24 AB source-write-read rfsg-W1
[confirm/3/rfsg-W1/source-write-read] 5/24 AB source-write-read rfsg-current
[confirm/3/rfsg-W1/source-write-read] 6/24 BA source-write-read rfsg-current
[confirm/3/rfsg-W1/source-write-read] 6/24 BA source-write-read rfsg-W1
[confirm/3/rfsg-W1/source-write-read] 7/24 AB source-write-read rfsg-W1
[confirm/3/rfsg-W1/source-write-read] 7/24 AB source-write-read rfsg-current
[confirm/3/rfsg-W1/source-write-read] 8/24 BA source-write-read rfsg-current
[confirm/3/rfsg-W1/source-write-read] 8/24 BA source-write-read rfsg-W1
[confirm/3/rfsg-W1/source-write-read] 9/24 BA source-write-read rfsg-current
[confirm/3/rfsg-W1/source-write-read] 9/24 BA source-write-read rfsg-W1
[confirm/3/rfsg-W1/source-write-read] 10/24 AB source-write-read rfsg-W1
[confirm/3/rfsg-W1/source-write-read] 10/24 AB source-write-read rfsg-current
[confirm/3/rfsg-W1/source-write-read] 11/24 BA source-write-read rfsg-current
[confirm/3/rfsg-W1/source-write-read] 11/24 BA source-write-read rfsg-W1
[confirm/3/rfsg-W1/source-write-read] 12/24 AB source-write-read rfsg-W1
[confirm/3/rfsg-W1/source-write-read] 12/24 AB source-write-read rfsg-current
[confirm/3/rfsg-W1/source-write-read] 13/24 AB source-write-read rfsg-W1
[confirm/3/rfsg-W1/source-write-read] 13/24 AB source-write-read rfsg-current
[confirm/3/rfsg-W1/source-write-read] 14/24 BA source-write-read rfsg-current
[confirm/3/rfsg-W1/source-write-read] 14/24 BA source-write-read rfsg-W1
[confirm/3/rfsg-W1/source-write-read] 15/24 BA source-write-read rfsg-current
[confirm/3/rfsg-W1/source-write-read] 15/24 BA source-write-read rfsg-W1
[confirm/3/rfsg-W1/source-write-read] 16/24 AB source-write-read rfsg-W1
[confirm/3/rfsg-W1/source-write-read] 16/24 AB source-write-read rfsg-current
[confirm/3/rfsg-W1/source-write-read] 17/24 AB source-write-read rfsg-W1
[confirm/3/rfsg-W1/source-write-read] 17/24 AB source-write-read rfsg-current
[confirm/3/rfsg-W1/source-write-read] 18/24 BA source-write-read rfsg-current
[confirm/3/rfsg-W1/source-write-read] 18/24 BA source-write-read rfsg-W1
[confirm/3/rfsg-W1/source-write-read] 19/24 AB source-write-read rfsg-W1
[confirm/3/rfsg-W1/source-write-read] 19/24 AB source-write-read rfsg-current
[confirm/3/rfsg-W1/source-write-read] 20/24 BA source-write-read rfsg-current
[confirm/3/rfsg-W1/source-write-read] 20/24 BA source-write-read rfsg-W1
[confirm/3/rfsg-W1/source-write-read] 21/24 BA source-write-read rfsg-current
[confirm/3/rfsg-W1/source-write-read] 21/24 BA source-write-read rfsg-W1
[confirm/3/rfsg-W1/source-write-read] 22/24 AB source-write-read rfsg-W1
[confirm/3/rfsg-W1/source-write-read] 22/24 AB source-write-read rfsg-current
[confirm/3/rfsg-W1/source-write-read] 23/24 BA source-write-read rfsg-current
[confirm/3/rfsg-W1/source-write-read] 23/24 BA source-write-read rfsg-W1
[confirm/3/rfsg-W1/source-write-read] 24/24 AB source-write-read rfsg-W1
[confirm/3/rfsg-W1/source-write-read] 24/24 AB source-write-read rfsg-current
[
  {
    "label": "confirm/3/rfsg-R4/source-read",
    "pairs": 24,
    "median": 1.3027199007716623,
    "q1": 1.210316838204725,
    "q3": 1.4461256526193735,
    "min": 0.9009613580424057,
    "max": 1.9466211814551622,
    "candidateFasterPairs": 22,
    "controlFasterPairs": 2
  },
  {
    "label": "confirm/3/rfsg-R4/source-write-read",
    "pairs": 24,
    "median": 1.0871515236808436,
    "q1": 0.9817572466920124,
    "q3": 1.1854050622452639,
    "min": 0.6231761976739304,
    "max": 2.3925245256151113,
    "candidateFasterPairs": 17,
    "controlFasterPairs": 7
  },
  {
    "label": "confirm/3/rfsg-W1/source-unobserved-write",
    "pairs": 24,
    "median": 2.2433852217996613,
    "q1": 1.7763180577348916,
    "q3": 2.4479986491697985,
    "min": 1.0471352957563376,
    "max": 2.9481819094972628,
    "candidateFasterPairs": 24,
    "controlFasterPairs": 0
  },
  {
    "label": "confirm/3/rfsg-W1/source-write-read",
    "pairs": 24,
    "median": 1.5277561649773994,
    "q1": 1.3862809868863437,
    "q3": 1.6629212997466845,
    "min": 1.0603590997938541,
    "max": 2.7186265939167393,
    "candidateFasterPairs": 24,
    "controlFasterPairs": 0
  }
]
