[confirm/2/rfsg-R4/source-read] 1/24 AB source-read rfsg-R4
[confirm/2/rfsg-R4/source-read] 1/24 AB source-read rfsg-current
[confirm/2/rfsg-R4/source-read] 2/24 BA source-read rfsg-current
[confirm/2/rfsg-R4/source-read] 2/24 BA source-read rfsg-R4
[confirm/2/rfsg-R4/source-read] 3/24 BA source-read rfsg-current
[confirm/2/rfsg-R4/source-read] 3/24 BA source-read rfsg-R4
[confirm/2/rfsg-R4/source-read] 4/24 AB source-read rfsg-R4
[confirm/2/rfsg-R4/source-read] 4/24 AB source-read rfsg-current
[confirm/2/rfsg-R4/source-read] 5/24 AB source-read rfsg-R4
[confirm/2/rfsg-R4/source-read] 5/24 AB source-read rfsg-current
[confirm/2/rfsg-R4/source-read] 6/24 BA source-read rfsg-current
[confirm/2/rfsg-R4/source-read] 6/24 BA source-read rfsg-R4
[confirm/2/rfsg-R4/source-read] 7/24 AB source-read rfsg-R4
[confirm/2/rfsg-R4/source-read] 7/24 AB source-read rfsg-current
[confirm/2/rfsg-R4/source-read] 8/24 BA source-read rfsg-current
[confirm/2/rfsg-R4/source-read] 8/24 BA source-read rfsg-R4
[confirm/2/rfsg-R4/source-read] 9/24 BA source-read rfsg-current
[confirm/2/rfsg-R4/source-read] 9/24 BA source-read rfsg-R4
[confirm/2/rfsg-R4/source-read] 10/24 AB source-read rfsg-R4
[confirm/2/rfsg-R4/source-read] 10/24 AB source-read rfsg-current
[confirm/2/rfsg-R4/source-read] 11/24 BA source-read rfsg-current
[confirm/2/rfsg-R4/source-read] 11/24 BA source-read rfsg-R4
[confirm/2/rfsg-R4/source-read] 12/24 AB source-read rfsg-R4
[confirm/2/rfsg-R4/source-read] 12/24 AB source-read rfsg-current
[confirm/2/rfsg-R4/source-read] 13/24 AB source-read rfsg-R4
[confirm/2/rfsg-R4/source-read] 13/24 AB source-read rfsg-current
[confirm/2/rfsg-R4/source-read] 14/24 BA source-read rfsg-current
[confirm/2/rfsg-R4/source-read] 14/24 BA source-read rfsg-R4
[confirm/2/rfsg-R4/source-read] 15/24 BA source-read rfsg-current
[confirm/2/rfsg-R4/source-read] 15/24 BA source-read rfsg-R4
[confirm/2/rfsg-R4/source-read] 16/24 AB source-read rfsg-R4
[confirm/2/rfsg-R4/source-read] 16/24 AB source-read rfsg-current
[confirm/2/rfsg-R4/source-read] 17/24 AB source-read rfsg-R4
[confirm/2/rfsg-R4/source-read] 17/24 AB source-read rfsg-current
[confirm/2/rfsg-R4/source-read] 18/24 BA source-read rfsg-current
[confirm/2/rfsg-R4/source-read] 18/24 BA source-read rfsg-R4
[confirm/2/rfsg-R4/source-read] 19/24 AB source-read rfsg-R4
[confirm/2/rfsg-R4/source-read] 19/24 AB source-read rfsg-current
[confirm/2/rfsg-R4/source-read] 20/24 BA source-read rfsg-current
[confirm/2/rfsg-R4/source-read] 20/24 BA source-read rfsg-R4
[confirm/2/rfsg-R4/source-read] 21/24 BA source-read rfsg-current
[confirm/2/rfsg-R4/source-read] 21/24 BA source-read rfsg-R4
[confirm/2/rfsg-R4/source-read] 22/24 AB source-read rfsg-R4
[confirm/2/rfsg-R4/source-read] 22/24 AB source-read rfsg-current
[confirm/2/rfsg-R4/source-read] 23/24 BA source-read rfsg-current
[confirm/2/rfsg-R4/source-read] 23/24 BA source-read rfsg-R4
[confirm/2/rfsg-R4/source-read] 24/24 AB source-read rfsg-R4
[confirm/2/rfsg-R4/source-read] 24/24 AB source-read rfsg-current
[confirm/2/rfsg-R4/source-write-read] 1/24 AB source-write-read rfsg-R4
[confirm/2/rfsg-R4/source-write-read] 1/24 AB source-write-read rfsg-current
[confirm/2/rfsg-R4/source-write-read] 2/24 BA source-write-read rfsg-current
[confirm/2/rfsg-R4/source-write-read] 2/24 BA source-write-read rfsg-R4
[confirm/2/rfsg-R4/source-write-read] 3/24 BA source-write-read rfsg-current
[confirm/2/rfsg-R4/source-write-read] 3/24 BA source-write-read rfsg-R4
[confirm/2/rfsg-R4/source-write-read] 4/24 AB source-write-read rfsg-R4
[confirm/2/rfsg-R4/source-write-read] 4/24 AB source-write-read rfsg-current
[confirm/2/rfsg-R4/source-write-read] 5/24 AB source-write-read rfsg-R4
[confirm/2/rfsg-R4/source-write-read] 5/24 AB source-write-read rfsg-current
[confirm/2/rfsg-R4/source-write-read] 6/24 BA source-write-read rfsg-current
[confirm/2/rfsg-R4/source-write-read] 6/24 BA source-write-read rfsg-R4
[confirm/2/rfsg-R4/source-write-read] 7/24 AB source-write-read rfsg-R4
[confirm/2/rfsg-R4/source-write-read] 7/24 AB source-write-read rfsg-current
[confirm/2/rfsg-R4/source-write-read] 8/24 BA source-write-read rfsg-current
[confirm/2/rfsg-R4/source-write-read] 8/24 BA source-write-read rfsg-R4
[confirm/2/rfsg-R4/source-write-read] 9/24 BA source-write-read rfsg-current
[confirm/2/rfsg-R4/source-write-read] 9/24 BA source-write-read rfsg-R4
[confirm/2/rfsg-R4/source-write-read] 10/24 AB source-write-read rfsg-R4
[confirm/2/rfsg-R4/source-write-read] 10/24 AB source-write-read rfsg-current
[confirm/2/rfsg-R4/source-write-read] 11/24 BA source-write-read rfsg-current
[confirm/2/rfsg-R4/source-write-read] 11/24 BA source-write-read rfsg-R4
[confirm/2/rfsg-R4/source-write-read] 12/24 AB source-write-read rfsg-R4
[confirm/2/rfsg-R4/source-write-read] 12/24 AB source-write-read rfsg-current
[confirm/2/rfsg-R4/source-write-read] 13/24 AB source-write-read rfsg-R4
[confirm/2/rfsg-R4/source-write-read] 13/24 AB source-write-read rfsg-current
[confirm/2/rfsg-R4/source-write-read] 14/24 BA source-write-read rfsg-current
[confirm/2/rfsg-R4/source-write-read] 14/24 BA source-write-read rfsg-R4
[confirm/2/rfsg-R4/source-write-read] 15/24 BA source-write-read rfsg-current
[confirm/2/rfsg-R4/source-write-read] 15/24 BA source-write-read rfsg-R4
[confirm/2/rfsg-R4/source-write-read] 16/24 AB source-write-read rfsg-R4
[confirm/2/rfsg-R4/source-write-read] 16/24 AB source-write-read rfsg-current
[confirm/2/rfsg-R4/source-write-read] 17/24 AB source-write-read rfsg-R4
[confirm/2/rfsg-R4/source-write-read] 17/24 AB source-write-read rfsg-current
[confirm/2/rfsg-R4/source-write-read] 18/24 BA source-write-read rfsg-current
[confirm/2/rfsg-R4/source-write-read] 18/24 BA source-write-read rfsg-R4
[confirm/2/rfsg-R4/source-write-read] 19/24 AB source-write-read rfsg-R4
[confirm/2/rfsg-R4/source-write-read] 19/24 AB source-write-read rfsg-current
[confirm/2/rfsg-R4/source-write-read] 20/24 BA source-write-read rfsg-current
[confirm/2/rfsg-R4/source-write-read] 20/24 BA source-write-read rfsg-R4
[confirm/2/rfsg-R4/source-write-read] 21/24 BA source-write-read rfsg-current
[confirm/2/rfsg-R4/source-write-read] 21/24 BA source-write-read rfsg-R4
[confirm/2/rfsg-R4/source-write-read] 22/24 AB source-write-read rfsg-R4
[confirm/2/rfsg-R4/source-write-read] 22/24 AB source-write-read rfsg-current
[confirm/2/rfsg-R4/source-write-read] 23/24 BA source-write-read rfsg-current
[confirm/2/rfsg-R4/source-write-read] 23/24 BA source-write-read rfsg-R4
[confirm/2/rfsg-R4/source-write-read] 24/24 AB source-write-read rfsg-R4
[confirm/2/rfsg-R4/source-write-read] 24/24 AB source-write-read rfsg-current
[confirm/2/rfsg-W1/source-unobserved-write] 1/24 AB source-unobserved-write rfsg-W1
[confirm/2/rfsg-W1/source-unobserved-write] 1/24 AB source-unobserved-write rfsg-current
[confirm/2/rfsg-W1/source-unobserved-write] 2/24 BA source-unobserved-write rfsg-current
[confirm/2/rfsg-W1/source-unobserved-write] 2/24 BA source-unobserved-write rfsg-W1
[confirm/2/rfsg-W1/source-unobserved-write] 3/24 BA source-unobserved-write rfsg-current
[confirm/2/rfsg-W1/source-unobserved-write] 3/24 BA source-unobserved-write rfsg-W1
[confirm/2/rfsg-W1/source-unobserved-write] 4/24 AB source-unobserved-write rfsg-W1
[confirm/2/rfsg-W1/source-unobserved-write] 4/24 AB source-unobserved-write rfsg-current
[confirm/2/rfsg-W1/source-unobserved-write] 5/24 AB source-unobserved-write rfsg-W1
[confirm/2/rfsg-W1/source-unobserved-write] 5/24 AB source-unobserved-write rfsg-current
[confirm/2/rfsg-W1/source-unobserved-write] 6/24 BA source-unobserved-write rfsg-current
[confirm/2/rfsg-W1/source-unobserved-write] 6/24 BA source-unobserved-write rfsg-W1
[confirm/2/rfsg-W1/source-unobserved-write] 7/24 AB source-unobserved-write rfsg-W1
[confirm/2/rfsg-W1/source-unobserved-write] 7/24 AB source-unobserved-write rfsg-current
[confirm/2/rfsg-W1/source-unobserved-write] 8/24 BA source-unobserved-write rfsg-current
[confirm/2/rfsg-W1/source-unobserved-write] 8/24 BA source-unobserved-write rfsg-W1
[confirm/2/rfsg-W1/source-unobserved-write] 9/24 BA source-unobserved-write rfsg-current
[confirm/2/rfsg-W1/source-unobserved-write] 9/24 BA source-unobserved-write rfsg-W1
[confirm/2/rfsg-W1/source-unobserved-write] 10/24 AB source-unobserved-write rfsg-W1
[confirm/2/rfsg-W1/source-unobserved-write] 10/24 AB source-unobserved-write rfsg-current
[confirm/2/rfsg-W1/source-unobserved-write] 11/24 BA source-unobserved-write rfsg-current
[confirm/2/rfsg-W1/source-unobserved-write] 11/24 BA source-unobserved-write rfsg-W1
[confirm/2/rfsg-W1/source-unobserved-write] 12/24 AB source-unobserved-write rfsg-W1
[confirm/2/rfsg-W1/source-unobserved-write] 12/24 AB source-unobserved-write rfsg-current
[confirm/2/rfsg-W1/source-unobserved-write] 13/24 AB source-unobserved-write rfsg-W1
[confirm/2/rfsg-W1/source-unobserved-write] 13/24 AB source-unobserved-write rfsg-current
[confirm/2/rfsg-W1/source-unobserved-write] 14/24 BA source-unobserved-write rfsg-current
[confirm/2/rfsg-W1/source-unobserved-write] 14/24 BA source-unobserved-write rfsg-W1
[confirm/2/rfsg-W1/source-unobserved-write] 15/24 BA source-unobserved-write rfsg-current
[confirm/2/rfsg-W1/source-unobserved-write] 15/24 BA source-unobserved-write rfsg-W1
[confirm/2/rfsg-W1/source-unobserved-write] 16/24 AB source-unobserved-write rfsg-W1
[confirm/2/rfsg-W1/source-unobserved-write] 16/24 AB source-unobserved-write rfsg-current
[confirm/2/rfsg-W1/source-unobserved-write] 17/24 AB source-unobserved-write rfsg-W1
[confirm/2/rfsg-W1/source-unobserved-write] 17/24 AB source-unobserved-write rfsg-current
[confirm/2/rfsg-W1/source-unobserved-write] 18/24 BA source-unobserved-write rfsg-current
[confirm/2/rfsg-W1/source-unobserved-write] 18/24 BA source-unobserved-write rfsg-W1
[confirm/2/rfsg-W1/source-unobserved-write] 19/24 AB source-unobserved-write rfsg-W1
[confirm/2/rfsg-W1/source-unobserved-write] 19/24 AB source-unobserved-write rfsg-current
[confirm/2/rfsg-W1/source-unobserved-write] 20/24 BA source-unobserved-write rfsg-current
[confirm/2/rfsg-W1/source-unobserved-write] 20/24 BA source-unobserved-write rfsg-W1
[confirm/2/rfsg-W1/source-unobserved-write] 21/24 BA source-unobserved-write rfsg-current
[confirm/2/rfsg-W1/source-unobserved-write] 21/24 BA source-unobserved-write rfsg-W1
[confirm/2/rfsg-W1/source-unobserved-write] 22/24 AB source-unobserved-write rfsg-W1
[confirm/2/rfsg-W1/source-unobserved-write] 22/24 AB source-unobserved-write rfsg-current
[confirm/2/rfsg-W1/source-unobserved-write] 23/24 BA source-unobserved-write rfsg-current
[confirm/2/rfsg-W1/source-unobserved-write] 23/24 BA source-unobserved-write rfsg-W1
[confirm/2/rfsg-W1/source-unobserved-write] 24/24 AB source-unobserved-write rfsg-W1
[confirm/2/rfsg-W1/source-unobserved-write] 24/24 AB source-unobserved-write rfsg-current
[confirm/2/rfsg-W1/source-write-read] 1/24 AB source-write-read rfsg-W1
[confirm/2/rfsg-W1/source-write-read] 1/24 AB source-write-read rfsg-current
[confirm/2/rfsg-W1/source-write-read] 2/24 BA source-write-read rfsg-current
[confirm/2/rfsg-W1/source-write-read] 2/24 BA source-write-read rfsg-W1
[confirm/2/rfsg-W1/source-write-read] 3/24 BA source-write-read rfsg-current
[confirm/2/rfsg-W1/source-write-read] 3/24 BA source-write-read rfsg-W1
[confirm/2/rfsg-W1/source-write-read] 4/24 AB source-write-read rfsg-W1
[confirm/2/rfsg-W1/source-write-read] 4/24 AB source-write-read rfsg-current
[confirm/2/rfsg-W1/source-write-read] 5/24 AB source-write-read rfsg-W1
[confirm/2/rfsg-W1/source-write-read] 5/24 AB source-write-read rfsg-current
[confirm/2/rfsg-W1/source-write-read] 6/24 BA source-write-read rfsg-current
[confirm/2/rfsg-W1/source-write-read] 6/24 BA source-write-read rfsg-W1
[confirm/2/rfsg-W1/source-write-read] 7/24 AB source-write-read rfsg-W1
[confirm/2/rfsg-W1/source-write-read] 7/24 AB source-write-read rfsg-current
[confirm/2/rfsg-W1/source-write-read] 8/24 BA source-write-read rfsg-current
[confirm/2/rfsg-W1/source-write-read] 8/24 BA source-write-read rfsg-W1
[confirm/2/rfsg-W1/source-write-read] 9/24 BA source-write-read rfsg-current
[confirm/2/rfsg-W1/source-write-read] 9/24 BA source-write-read rfsg-W1
[confirm/2/rfsg-W1/source-write-read] 10/24 AB source-write-read rfsg-W1
[confirm/2/rfsg-W1/source-write-read] 10/24 AB source-write-read rfsg-current
[confirm/2/rfsg-W1/source-write-read] 11/24 BA source-write-read rfsg-current
[confirm/2/rfsg-W1/source-write-read] 11/24 BA source-write-read rfsg-W1
[confirm/2/rfsg-W1/source-write-read] 12/24 AB source-write-read rfsg-W1
[confirm/2/rfsg-W1/source-write-read] 12/24 AB source-write-read rfsg-current
[confirm/2/rfsg-W1/source-write-read] 13/24 AB source-write-read rfsg-W1
[confirm/2/rfsg-W1/source-write-read] 13/24 AB source-write-read rfsg-current
[confirm/2/rfsg-W1/source-write-read] 14/24 BA source-write-read rfsg-current
[confirm/2/rfsg-W1/source-write-read] 14/24 BA source-write-read rfsg-W1
[confirm/2/rfsg-W1/source-write-read] 15/24 BA source-write-read rfsg-current
[confirm/2/rfsg-W1/source-write-read] 15/24 BA source-write-read rfsg-W1
[confirm/2/rfsg-W1/source-write-read] 16/24 AB source-write-read rfsg-W1
[confirm/2/rfsg-W1/source-write-read] 16/24 AB source-write-read rfsg-current
[confirm/2/rfsg-W1/source-write-read] 17/24 AB source-write-read rfsg-W1
[confirm/2/rfsg-W1/source-write-read] 17/24 AB source-write-read rfsg-current
[confirm/2/rfsg-W1/source-write-read] 18/24 BA source-write-read rfsg-current
[confirm/2/rfsg-W1/source-write-read] 18/24 BA source-write-read rfsg-W1
[confirm/2/rfsg-W1/source-write-read] 19/24 AB source-write-read rfsg-W1
[confirm/2/rfsg-W1/source-write-read] 19/24 AB source-write-read rfsg-current
[confirm/2/rfsg-W1/source-write-read] 20/24 BA source-write-read rfsg-current
[confirm/2/rfsg-W1/source-write-read] 20/24 BA source-write-read rfsg-W1
[confirm/2/rfsg-W1/source-write-read] 21/24 BA source-write-read rfsg-current
[confirm/2/rfsg-W1/source-write-read] 21/24 BA source-write-read rfsg-W1
[confirm/2/rfsg-W1/source-write-read] 22/24 AB source-write-read rfsg-W1
[confirm/2/rfsg-W1/source-write-read] 22/24 AB source-write-read rfsg-current
[confirm/2/rfsg-W1/source-write-read] 23/24 BA source-write-read rfsg-current
[confirm/2/rfsg-W1/source-write-read] 23/24 BA source-write-read rfsg-W1
[confirm/2/rfsg-W1/source-write-read] 24/24 AB source-write-read rfsg-W1
[confirm/2/rfsg-W1/source-write-read] 24/24 AB source-write-read rfsg-current
[
  {
    "label": "confirm/2/rfsg-R4/source-read",
    "pairs": 24,
    "median": 1.1983780783405018,
    "q1": 1.014765651520267,
    "q3": 1.3194523906296285,
    "min": 0.7271389804660342,
    "max": 1.9530674794103042,
    "candidateFasterPairs": 18,
    "controlFasterPairs": 6
  },
  {
    "label": "confirm/2/rfsg-R4/source-write-read",
    "pairs": 24,
    "median": 1.1091651533898295,
    "q1": 0.9258727344087276,
    "q3": 1.2913249005864667,
    "min": 0.5371824584864587,
    "max": 1.9835299205585102,
    "candidateFasterPairs": 16,
    "controlFasterPairs": 8
  },
  {
    "label": "confirm/2/rfsg-W1/source-unobserved-write",
    "pairs": 24,
    "median": 2.1291231569328177,
    "q1": 1.8970483375474627,
    "q3": 2.5172553360843186,
    "min": 1.5066608082120252,
    "max": 3.2189803111759887,
    "candidateFasterPairs": 24,
    "controlFasterPairs": 0
  },
  {
    "label": "confirm/2/rfsg-W1/source-write-read",
    "pairs": 24,
    "median": 1.6120315931125617,
    "q1": 1.1289200930916021,
    "q3": 1.7748250829476007,
    "min": 0.8229732345006564,
    "max": 3.0354682391405885,
    "candidateFasterPairs": 21,
    "controlFasterPairs": 3
  }
]
