[marking 0x03bcc6d48e91 <JSFunction isPathSeparator (sfi = 000000416BB55171)> for optimization to MAGLEV, ConcurrencyMode::kConcurrent, reason: hot and stable]
[compiling method 0x03bcc6d48e91 <JSFunction isPathSeparator (sfi = 000000416BB55171)> (target MAGLEV), mode: ConcurrencyMode::kConcurrent]
[marking 0x03bcc6d49011 <JSFunction normalizeString (sfi = 000000416BB55471)> for optimization to MAGLEV, ConcurrencyMode::kConcurrent, reason: hot and stable]
[completed compiling 0x03bcc6d48e91 <JSFunction isPathSeparator (sfi = 000000416BB55171)> (target MAGLEV) - took 0.000, 0.154, 0.002 ms]
[compiling method 0x03bcc6d49011 <JSFunction normalizeString (sfi = 000000416BB55471)> (target MAGLEV), mode: ConcurrencyMode::kConcurrent]
[completed compiling 0x03bcc6d49011 <JSFunction normalizeString (sfi = 000000416BB55471)> (target MAGLEV) - took 0.001, 0.658, 0.002 ms]
[marking 0x0315703c7c29 <JSFunction nextPart (sfi = 000000416BB6D949)> for optimization to MAGLEV, ConcurrencyMode::kConcurrent, reason: hot and stable]
[compiling method 0x0315703c7c29 <JSFunction nextPart (sfi = 000000416BB6D949)> (target MAGLEV), mode: ConcurrencyMode::kConcurrent]
[completed compiling 0x0315703c7c29 <JSFunction nextPart (sfi = 000000416BB6D949)> (target MAGLEV) - took 0.001, 0.268, 0.002 ms]
[marking 0x03bcc6d482f9 <JSFunction getPathFromURLWin32 (sfi = 000000416BB5CDF1)> for optimization to MAGLEV, ConcurrencyMode::kConcurrent, reason: hot and stable]
[compiling method 0x03bcc6d482f9 <JSFunction getPathFromURLWin32 (sfi = 000000416BB5CDF1)> (target MAGLEV), mode: ConcurrencyMode::kConcurrent]
[completed compiling 0x03bcc6d482f9 <JSFunction getPathFromURLWin32 (sfi = 000000416BB5CDF1)> (target MAGLEV) - took 0.000, 0.479, 0.009 ms]
[marking 0x019a37cfd2f1 <JSFunction readSource (sfi = 000002EA7C28E249)> for optimization to MAGLEV, ConcurrencyMode::kConcurrent, reason: hot and stable]
[marking 0x014e50635771 <JSFunction read (sfi = 000002EA7C2A2431)> for optimization to MAGLEV, ConcurrencyMode::kConcurrent, reason: hot and stable]
[compiling method 0x014e50635771 <JSFunction read (sfi = 000002EA7C2A2431)> (target MAGLEV), mode: ConcurrencyMode::kConcurrent]
[compiling method 0x019a37cfd2f1 <JSFunction readSource (sfi = 000002EA7C28E249)> (target MAGLEV), mode: ConcurrencyMode::kConcurrent]
[marking 0x017e721402a9 <JSFunction run (sfi = 000002EA7C2A3221)> for optimization to MAGLEV, ConcurrencyMode::kConcurrent, reason: hot and stable]
[compiling method 0x017e721402a9 <JSFunction run (sfi = 000002EA7C2A3221)> (target MAGLEV) OSR, mode: ConcurrencyMode::kConcurrent]
[completed compiling 0x014e50635771 <JSFunction read (sfi = 000002EA7C2A2431)> (target MAGLEV) - took 0.001, 0.144, 0.010 ms]
[marking 0x019a37cfe9f1 <JSFunction get value (sfi = 000002EA7C28F199)> for optimization to MAGLEV, ConcurrencyMode::kConcurrent, reason: hot and stable]
[compiling method 0x019a37cfe9f1 <JSFunction get value (sfi = 000002EA7C28F199)> (target MAGLEV), mode: ConcurrencyMode::kConcurrent]
[completed compiling 0x019a37cfd2f1 <JSFunction readSource (sfi = 000002EA7C28E249)> (target MAGLEV) - took 0.000, 0.265, 0.003 ms]
[completed compiling 0x017e721402a9 <JSFunction run (sfi = 000002EA7C2A3221)> (target MAGLEV) OSR - took 0.000, 0.322, 0.003 ms]
[compiling method 0x017e721402a9 <JSFunction run (sfi = 000002EA7C2A3221)> (target TURBOFAN_JS) OSR, mode: ConcurrencyMode::kConcurrent]
[completed compiling 0x019a37cfe9f1 <JSFunction get value (sfi = 000002EA7C28F199)> (target MAGLEV) - took 0.000, 0.217, 0.005 ms]
[marking 0x019a37cfe9f1 <JSFunction get value (sfi = 000002EA7C28F199)> for optimization to TURBOFAN_JS, ConcurrencyMode::kConcurrent, reason: hot and stable]
[compiling method 0x019a37cfe9f1 <JSFunction get value (sfi = 000002EA7C28F199)> (target TURBOFAN_JS), mode: ConcurrencyMode::kConcurrent]
[completed compiling 0x019a37cfe9f1 <JSFunction get value (sfi = 000002EA7C28F199)> (target TURBOFAN_JS) - took 0.015, 1.350, 0.019 ms]
[completed optimizing 0x019a37cfe9f1 <JSFunction get value (sfi = 000002EA7C28F199)> (target TURBOFAN_JS)]
[completed compiling 0x017e721402a9 <JSFunction run (sfi = 000002EA7C2A3221)> (target TURBOFAN_JS) OSR - took 0.023, 2.181, 0.014 ms]
[completed optimizing 0x017e721402a9 <JSFunction run (sfi = 000002EA7C2A3221)> (target TURBOFAN_JS) OSR]
[bailout (kind: deopt-eager, reason: prepare for on stack replacement (OSR)): begin. deoptimizing 0x017e721402a9 <JSFunction run (sfi = 000002EA7C2A3221)>, 0x02d015f0afb9 <Code MAGLEV>, opt id 6, bytecode offset 33, deopt exit 17, FP to SP delta 120, caller SP 0x000a479feb40, pc 0x019c0005cdc7]
[bailout (kind: deopt-eager, reason: Insufficient type feedback for generic named access): begin. deoptimizing 0x017e721402a9 <JSFunction run (sfi = 000002EA7C2A3221)>, 0x02d015f0c0c1 <Code TURBOFAN_JS>, opt id 7, bytecode offset 52, deopt exit 13, FP to SP delta 168, caller SP 0x000a479feb40, pc 0x019c000c0ddc]
[marking dependent code 0x02d015f0a6e1 <Code MAGLEV> (0x02ea7c2a2431 <SharedFunctionInfo read>) (opt id 4) for deoptimization, reason: embedded weak objects cleared]
[marking dependent code 0x02d015f0b621 <Code TURBOFAN_JS> (0x02ea7c28f199 <SharedFunctionInfo get value>) (opt id 9) for deoptimization, reason: embedded weak objects cleared]
[marking 0x01435dcc02a9 <JSFunction run (sfi = 000002EA7C2A3221)> for optimization to MAGLEV, ConcurrencyMode::kConcurrent, reason: hot and stable]
[compiling method 0x01435dcc02a9 <JSFunction run (sfi = 000002EA7C2A3221)> (target MAGLEV) OSR, mode: ConcurrencyMode::kConcurrent]
[completed compiling 0x01435dcc02a9 <JSFunction run (sfi = 000002EA7C2A3221)> (target MAGLEV) OSR - took 0.001, 0.414, 0.008 ms]
[compiling method 0x01435dcc02a9 <JSFunction run (sfi = 000002EA7C2A3221)> (target TURBOFAN_JS) OSR, mode: ConcurrencyMode::kConcurrent]
[marking 0x019a37cfd2f1 <JSFunction readSource (sfi = 000002EA7C28E249)> for optimization to TURBOFAN_JS, ConcurrencyMode::kConcurrent, reason: hot and stable]
[compiling method 0x019a37cfd2f1 <JSFunction readSource (sfi = 000002EA7C28E249)> (target TURBOFAN_JS), mode: ConcurrencyMode::kConcurrent]
[completed compiling 0x019a37cfd2f1 <JSFunction readSource (sfi = 000002EA7C28E249)> (target TURBOFAN_JS) - took 0.015, 0.803, 0.029 ms]
[completed optimizing 0x019a37cfd2f1 <JSFunction readSource (sfi = 000002EA7C28E249)> (target TURBOFAN_JS)]
[marking 0x019a37cfe9f1 <JSFunction get value (sfi = 000002EA7C28F199)> for optimization to TURBOFAN_JS, ConcurrencyMode::kConcurrent, reason: hot and stable]
[compiling method 0x019a37cfe9f1 <JSFunction get value (sfi = 000002EA7C28F199)> (target TURBOFAN_JS), mode: ConcurrencyMode::kConcurrent]
[completed compiling 0x01435dcc02a9 <JSFunction run (sfi = 000002EA7C2A3221)> (target TURBOFAN_JS) OSR - took 0.007, 2.002, 0.018 ms]
[completed optimizing 0x01435dcc02a9 <JSFunction run (sfi = 000002EA7C2A3221)> (target TURBOFAN_JS) OSR]
[bailout (kind: deopt-eager, reason: prepare for on stack replacement (OSR)): begin. deoptimizing 0x01435dcc02a9 <JSFunction run (sfi = 000002EA7C2A3221)>, 0x01fe0879b711 <Code MAGLEV>, opt id 10, bytecode offset 33, deopt exit 18, FP to SP delta 120, caller SP 0x000a479feb40, pc 0x019c0005ce51]
[completed compiling 0x019a37cfe9f1 <JSFunction get value (sfi = 000002EA7C28F199)> (target TURBOFAN_JS) - took 0.021, 1.208, 0.011 ms]
[completed optimizing 0x019a37cfe9f1 <JSFunction get value (sfi = 000002EA7C28F199)> (target TURBOFAN_JS)]
[marking dependent code 0x01fe0879cbf9 <Code TURBOFAN_JS> (0x02ea7c28f199 <SharedFunctionInfo get value>) (opt id 13) for deoptimization, reason: embedded weak objects cleared]
[marking 0x019a37cfe9f1 <JSFunction get value (sfi = 000002EA7C28F199)> for optimization to TURBOFAN_JS, ConcurrencyMode::kConcurrent, reason: hot and stable]
[compiling method 0x019a37cfe9f1 <JSFunction get value (sfi = 000002EA7C28F199)> (target TURBOFAN_JS), mode: ConcurrencyMode::kConcurrent]
[marking 0x014e50635771 <JSFunction read (sfi = 000002EA7C2A2431)> for optimization to MAGLEV, ConcurrencyMode::kConcurrent, reason: hot and stable]
[compiling method 0x014e50635771 <JSFunction read (sfi = 000002EA7C2A2431)> (target MAGLEV), mode: ConcurrencyMode::kConcurrent]
[marking 0x017e721402a9 <JSFunction run (sfi = 000002EA7C2A3221)> for optimization to MAGLEV, ConcurrencyMode::kConcurrent, reason: hot and stable]
[compiling method 0x017e721402a9 <JSFunction run (sfi = 000002EA7C2A3221)> (target MAGLEV) OSR, mode: ConcurrencyMode::kConcurrent]
[completed compiling 0x014e50635771 <JSFunction read (sfi = 000002EA7C2A2431)> (target MAGLEV) - took 0.001, 0.132, 0.004 ms]
[completed compiling 0x017e721402a9 <JSFunction run (sfi = 000002EA7C2A3221)> (target MAGLEV) OSR - took 0.000, 0.358, 0.004 ms]
[compiling method 0x017e721402a9 <JSFunction run (sfi = 000002EA7C2A3221)> (target TURBOFAN_JS) OSR, mode: ConcurrencyMode::kConcurrent]
[completed compiling 0x019a37cfe9f1 <JSFunction get value (sfi = 000002EA7C28F199)> (target TURBOFAN_JS) - took 0.025, 1.279, 0.018 ms]
[completed optimizing 0x019a37cfe9f1 <JSFunction get value (sfi = 000002EA7C28F199)> (target TURBOFAN_JS)]
[completed compiling 0x017e721402a9 <JSFunction run (sfi = 000002EA7C2A3221)> (target TURBOFAN_JS) OSR - took 0.017, 2.213, 0.023 ms]
[completed optimizing 0x017e721402a9 <JSFunction run (sfi = 000002EA7C2A3221)> (target TURBOFAN_JS) OSR]
[bailout (kind: deopt-eager, reason: prepare for on stack replacement (OSR)): begin. deoptimizing 0x017e721402a9 <JSFunction run (sfi = 000002EA7C2A3221)>, 0x01fe0879d511 <Code MAGLEV>, opt id 16, bytecode offset 33, deopt exit 18, FP to SP delta 120, caller SP 0x000a479feb40, pc 0x019c0005e251]
[marking dependent code 0x01fe0879c2e1 <Code TURBOFAN_JS> (0x02ea7c28f199 <SharedFunctionInfo get value>) (opt id 14) for deoptimization, reason: embedded weak objects cleared]
[marking dependent code 0x01fe0879ba51 <Code TURBOFAN_JS> (0x02ea7c28e249 <SharedFunctionInfo readSource>) (opt id 12) for deoptimization, reason: embedded weak objects cleared]
[marking dependent code 0x01fe0879bc79 <Code MAGLEV> (0x02ea7c2a2431 <SharedFunctionInfo read>) (opt id 15) for deoptimization, reason: embedded weak objects cleared]
[marking 0x019a37cfe9f1 <JSFunction get value (sfi = 000002EA7C28F199)> for optimization to TURBOFAN_JS, ConcurrencyMode::kConcurrent, reason: hot and stable]
[compiling method 0x019a37cfe9f1 <JSFunction get value (sfi = 000002EA7C28F199)> (target TURBOFAN_JS), mode: ConcurrencyMode::kConcurrent]
[marking 0x01435dcc02a9 <JSFunction run (sfi = 000002EA7C2A3221)> for optimization to MAGLEV, ConcurrencyMode::kConcurrent, reason: hot and stable]
[compiling method 0x01435dcc02a9 <JSFunction run (sfi = 000002EA7C2A3221)> (target MAGLEV) OSR, mode: ConcurrencyMode::kConcurrent]
[completed compiling 0x01435dcc02a9 <JSFunction run (sfi = 000002EA7C2A3221)> (target MAGLEV) OSR - took 0.001, 0.421, 0.006 ms]
[compiling method 0x01435dcc02a9 <JSFunction run (sfi = 000002EA7C2A3221)> (target TURBOFAN_JS) OSR, mode: ConcurrencyMode::kConcurrent]
[marking 0x019a37cfd2f1 <JSFunction readSource (sfi = 000002EA7C28E249)> for optimization to TURBOFAN_JS, ConcurrencyMode::kConcurrent, reason: hot and stable]
[compiling method 0x019a37cfd2f1 <JSFunction readSource (sfi = 000002EA7C28E249)> (target TURBOFAN_JS), mode: ConcurrencyMode::kConcurrent]
[completed compiling 0x019a37cfe9f1 <JSFunction get value (sfi = 000002EA7C28F199)> (target TURBOFAN_JS) - took 0.017, 1.277, 0.025 ms]
[completed optimizing 0x019a37cfe9f1 <JSFunction get value (sfi = 000002EA7C28F199)> (target TURBOFAN_JS)]
[completed compiling 0x019a37cfd2f1 <JSFunction readSource (sfi = 000002EA7C28E249)> (target TURBOFAN_JS) - took 0.027, 0.639, 0.007 ms]
[completed optimizing 0x019a37cfd2f1 <JSFunction readSource (sfi = 000002EA7C28E249)> (target TURBOFAN_JS)]
[completed compiling 0x01435dcc02a9 <JSFunction run (sfi = 000002EA7C2A3221)> (target TURBOFAN_JS) OSR - took 0.014, 2.146, 0.017 ms]
[completed optimizing 0x01435dcc02a9 <JSFunction run (sfi = 000002EA7C2A3221)> (target TURBOFAN_JS) OSR]
[bailout (kind: deopt-eager, reason: prepare for on stack replacement (OSR)): begin. deoptimizing 0x01435dcc02a9 <JSFunction run (sfi = 000002EA7C2A3221)>, 0x01fe0879cbb9 <Code MAGLEV>, opt id 19, bytecode offset 33, deopt exit 17, FP to SP delta 120, caller SP{"status":"ok","measured":[{"durationNs":3622500}],"warmups":3,"samples":1,"iterations":200000,"runtimeId":"rfsg-current","kind":"source-read"} 0x000a479feb40, pc 0x019c0005ec87]
[bailout (kind: deopt-eager, reason: Insufficient type feedback for generic named access): begin. deoptimizing 0x01435dcc02a9 <JSFunction run (sfi = 000002EA7C2A3221)>, 0x01fe0879cf71 <Code TURBOFAN_JS>, opt id 20, bytecode offset 52, deopt exit 13, FP to SP delta 168, caller SP 0x000a479feb40, pc 0x019c0005f75c]
