[marking 0x02263d2c8e91 <JSFunction isPathSeparator (sfi = 0000011DDB915171)> for optimization to MAGLEV, ConcurrencyMode::kConcurrent, reason: hot and stable]
[compiling method 0x02263d2c8e91 <JSFunction isPathSeparator (sfi = 0000011DDB915171)> (target MAGLEV), mode: ConcurrencyMode::kConcurrent]
[marking 0x02263d2c9011 <JSFunction normalizeString (sfi = 0000011DDB915471)> for optimization to MAGLEV, ConcurrencyMode::kConcurrent, reason: hot and stable]
[completed compiling 0x02263d2c8e91 <JSFunction isPathSeparator (sfi = 0000011DDB915171)> (target MAGLEV) - took 0.000, 0.150, 0.001 ms]
[compiling method 0x02263d2c9011 <JSFunction normalizeString (sfi = 0000011DDB915471)> (target MAGLEV), mode: ConcurrencyMode::kConcurrent]
[completed compiling 0x02263d2c9011 <JSFunction normalizeString (sfi = 0000011DDB915471)> (target MAGLEV) - took 0.000, 0.658, 0.002 ms]
[marking 0x004f5d787c29 <JSFunction nextPart (sfi = 0000011DDB92D949)> for optimization to MAGLEV, ConcurrencyMode::kConcurrent, reason: hot and stable]
[compiling method 0x004f5d787c29 <JSFunction nextPart (sfi = 0000011DDB92D949)> (target MAGLEV), mode: ConcurrencyMode::kConcurrent]
[completed compiling 0x004f5d787c29 <JSFunction nextPart (sfi = 0000011DDB92D949)> (target MAGLEV) - took 0.000, 0.247, 0.002 ms]
[marking 0x02263d2c82f9 <JSFunction getPathFromURLWin32 (sfi = 0000011DDB91CDF1)> for optimization to MAGLEV, ConcurrencyMode::kConcurrent, reason: hot and stable]
[compiling method 0x02263d2c82f9 <JSFunction getPathFromURLWin32 (sfi = 0000011DDB91CDF1)> (target MAGLEV), mode: ConcurrencyMode::kConcurrent]
[completed compiling 0x02263d2c82f9 <JSFunction getPathFromURLWin32 (sfi = 0000011DDB91CDF1)> (target MAGLEV) - took 0.001, 0.546, 0.009 ms]
[marking 0x0113fa12bc39 <JSFunction read (sfi = 00000022DE514CA9)> for optimization to MAGLEV, ConcurrencyMode::kConcurrent, reason: hot and stable]
[compiling method 0x0113fa12bc39 <JSFunction read (sfi = 00000022DE514CA9)> (target MAGLEV), mode: ConcurrencyMode::kConcurrent]
[marking 0x034d0e3002a9 <JSFunction run (sfi = 0000012D5A263051)> for optimization to MAGLEV, ConcurrencyMode::kConcurrent, reason: hot and stable]
[compiling method 0x034d0e3002a9 <JSFunction run (sfi = 0000012D5A263051)> (target MAGLEV) OSR, mode: ConcurrencyMode::kConcurrent]
[marking 0x0113fa1264c1 <JSFunction get value (sfi = 0000012D5A24F371)> for optimization to MAGLEV, ConcurrencyMode::kConcurrent, reason: hot and stable]
[compiling method 0x0113fa1264c1 <JSFunction get value (sfi = 0000012D5A24F371)> (target MAGLEV), mode: ConcurrencyMode::kConcurrent]
[completed compiling 0x0113fa12bc39 <JSFunction read (sfi = 00000022DE514CA9)> (target MAGLEV) - took 0.001, 0.126, 0.008 ms]
[completed compiling 0x0113fa1264c1 <JSFunction get value (sfi = 0000012D5A24F371)> (target MAGLEV) - took 0.000, 0.148, 0.004 ms]
[completed compiling 0x034d0e3002a9 <JSFunction run (sfi = 0000012D5A263051)> (target MAGLEV) OSR - took 0.000, 0.311, 0.003 ms]
[compiling method 0x034d0e3002a9 <JSFunction run (sfi = 0000012D5A263051)> (target TURBOFAN_JS) OSR, mode: ConcurrencyMode::kConcurrent]
[marking 0x0113fa1264c1 <JSFunction get value (sfi = 0000012D5A24F371)> for optimization to TURBOFAN_JS, ConcurrencyMode::kConcurrent, reason: hot and stable]
[compiling method 0x0113fa1264c1 <JSFunction get value (sfi = 0000012D5A24F371)> (target TURBOFAN_JS), mode: ConcurrencyMode::kConcurrent]
[completed compiling 0x0113fa1264c1 <JSFunction get value (sfi = 0000012D5A24F371)> (target TURBOFAN_JS) - took 0.016, 0.884, 0.020 ms]
[completed optimizing 0x0113fa1264c1 <JSFunction get value (sfi = 0000012D5A24F371)> (target TURBOFAN_JS)]
[completed compiling 0x034d0e3002a9 <JSFunction run (sfi = 0000012D5A263051)> (target TURBOFAN_JS) OSR - took 0.025, 1.606, 0.013 ms]
[completed optimizing 0x034d0e3002a9 <JSFunction run (sfi = 0000012D5A263051)> (target TURBOFAN_JS) OSR]
[bailout (kind: deopt-eager, reason: prepare for on stack replacement (OSR)): begin. deoptimizing 0x034d0e3002a9 <JSFunction run (sfi = 0000012D5A263051)>, 0x02a7436948b1 <Code MAGLEV>, opt id 6, bytecode offset 33, deopt exit 17, FP to SP delta 120, caller SP 0x00f67cbfe990, pc 0x022934238dc7]
[bailout (kind: deopt-eager, reason: Insufficient type feedback for generic named access): begin. deoptimizing 0x034d0e3002a9 <JSFunction run (sfi = 0000012D5A263051)>, 0x02a7436953c1 <Code TURBOFAN_JS>, opt id 7, bytecode offset 52, deopt exit 11, FP to SP delta 160, caller SP 0x00f67cbfe990, pc 0x0229342393c1]
[marking dependent code 0x02a743694c49 <Code TURBOFAN_JS> (0x012d5a24f371 <SharedFunctionInfo get value>) (opt id 8) for deoptimization, reason: embedded weak objects cleared]
[marking dependent code 0x02a743693c81 <Code MAGLEV> (0x0022de514ca9 <SharedFunctionInfo read>) (opt id 4) for deoptimization, reason: embedded weak objects cleared]
[marking 0x006e113802a9 <JSFunction run (sfi = 0000012D5A263051)> for optimization to MAGLEV, ConcurrencyMode::kConcurrent, reason: hot and stable]
[compiling method 0x006e113802a9 <JSFunction run (sfi = 0000012D5A263051)> (target MAGLEV) OSR, mode: ConcurrencyMode::kConcurrent]
[marking 0x0113fa12bc39 <JSFunction read (sfi = 00000022DE514CA9)> for optimization to MAGLEV, ConcurrencyMode::kConcurrent, reason: hot and stable]
[compiling method 0x0113fa12bc39 <JSFunction read (sfi = 00000022DE514CA9)> (target MAGLEV), mode: ConcurrencyMode::kConcurrent]
[completed compiling 0x006e113802a9 <JSFunction run (sfi = 0000012D5A263051)> (target MAGLEV) OSR - took 0.001, 0.405, 0.007 ms]
[compiling method 0x006e113802a9 <JSFunction run (sfi = 0000012D5A263051)> (target TURBOFAN_JS) OSR, mode: ConcurrencyMode::kConcurrent]
[completed compiling 0x0113fa12bc39 <JSFunction read (sfi = 00000022DE514CA9)> (target MAGLEV) - took 0.001, 0.066, 0.002 ms]
[marking 0x0113fa1264c1 <JSFunction get value (sfi = 0000012D5A24F371)> for optimization to TURBOFAN_JS, ConcurrencyMode::kConcurrent, reason: hot and stable]
[compiling method 0x0113fa1264c1 <JSFunction get value (sfi = 0000012D5A24F371)> (target TURBOFAN_JS), mode: ConcurrencyMode::kConcurrent]
[completed compiling 0x006e113802a9 <JSFunction run (sfi = 0000012D5A263051)> (target TURBOFAN_JS) OSR - took 0.006, 1.714, 0.023 ms]
[completed optimizing 0x006e113802a9 <JSFunction run (sfi = 0000012D5A263051)> (target TURBOFAN_JS) OSR]
[completed compiling 0x0113fa1264c1 <JSFunction get value (sfi = 0000012D5A24F371)> (target TURBOFAN_JS) - took 0.018, 0.869, 0.008 ms]
[completed optimizing 0x0113fa1264c1 <JSFunction get value (sfi = 0000012D5A24F371)> (target TURBOFAN_JS)]
[bailout (kind: deopt-eager, reason: prepare for on stack replacement (OSR)): begin. deoptimizing 0x006e113802a9 <JSFunction run (sfi = 0000012D5A263051)>, 0x02a74369c891 <Code MAGLEV>, opt id 9, bytecode offset 33, deopt exit 18, FP to SP delta 120, caller SP 0x00f67cbfe990, pc 0x0229342396d1]
[marking dependent code 0x02a743694e71 <Code MAGLEV> (0x0022de514ca9 <SharedFunctionInfo read>) (opt id 11) for deoptimization, reason: embedded weak objects cleared]
[marking dependent code 0x02a743694829 <Code TURBOFAN_JS> (0x012d5a24f371 <SharedFunctionInfo get value>) (opt id 12) for deoptimization, reason: embedded weak objects cleared]
[marking 0x0113fa1264c1 <JSFunction get value (sfi = 0000012D5A24F371)> for optimization to TURBOFAN_JS, ConcurrencyMode::kConcurrent, reason: hot and stable]
[compiling method 0x0113fa1264c1 <JSFunction get value (sfi = 0000012D5A24F371)> (target TURBOFAN_JS), mode: ConcurrencyMode::kConcurrent]
[marking 0x034d0e3002a9 <JSFunction run (sfi = 0000012D5A263051)> for optimization to MAGLEV, ConcurrencyMode::kConcurrent, reason: hot and stable]
[compiling method 0x034d0e3002a9 <JSFunction run (sfi = 0000012D5A263051)> (target MAGLEV) OSR, mode: ConcurrencyMode::kConcurrent]
[completed compiling 0x034d0e3002a9 <JSFunction run (sfi = 0000012D5A263051)> (target MAGLEV) OSR - took 0.000, 0.397, 0.007 ms]
[compiling method 0x034d0e3002a9 <JSFunction run (sfi = 0000012D5A263051)> (target TURBOFAN_JS) OSR, mode: ConcurrencyMode::kConcurrent]
[completed compiling 0x0113fa1264c1 <JSFunction get value (sfi = 0000012D5A24F371)> (target TURBOFAN_JS) - took 0.010, 0.892, 0.019 ms]
[c{"status":"ok","measured":[{"durationNs":3397500}],"warmups":3,"samples":1,"iterations":200000,"runtimeId":"rfsg-R4","kind":"source-read"}ompleted optimizing 0x0113fa1264c1 <JSFunction get value (sfi = 0000012D5A24F371)> (target TURBOFAN_JS)]
[completed compiling 0x034d0e3002a9 <JSFunction run (sfi = 0000012D5A263051)> (target TURBOFAN_JS) OSR - took 0.010, 1.590, 0.026 ms]
[completed optimizing 0x034d0e3002a9 <JSFunction run (sfi = 0000012D5A263051)> (target TURBOFAN_JS) OSR]
[bailout (kind: deopt-eager, reason: prepare for on stack replacement (OSR)): begin. deoptimizing 0x034d0e3002a9 <JSFunction run (sfi = 0000012D5A263051)>, 0x02a74369c891 <Code MAGLEV>, opt id 14, bytecode offset 33, deopt exit 18, FP to SP delta 120, caller SP 0x00f67cbfe990, pc 0x022934238b11]
[marking dependent code 0x02a743693df1 <Code TURBOFAN_JS> (0x012d5a24f371 <SharedFunctionInfo get value>) (opt id 13) for deoptimization, reason: embedded weak objects cleared]
[marking 0x0113fa1264c1 <JSFunction get value (sfi = 0000012D5A24F371)> for optimization to TURBOFAN_JS, ConcurrencyMode::kConcurrent, reason: hot and stable]
[compiling method 0x0113fa1264c1 <JSFunction get value (sfi = 0000012D5A24F371)> (target TURBOFAN_JS), mode: ConcurrencyMode::kConcurrent]
[marking 0x006e113802a9 <JSFunction run (sfi = 0000012D5A263051)> for optimization to MAGLEV, ConcurrencyMode::kConcurrent, reason: hot and stable]
[compiling method 0x006e113802a9 <JSFunction run (sfi = 0000012D5A263051)> (target MAGLEV) OSR, mode: ConcurrencyMode::kConcurrent]
[marking 0x0113fa12bc39 <JSFunction read (sfi = 00000022DE514CA9)> for optimization to MAGLEV, ConcurrencyMode::kConcurrent, reason: hot and stable]
[compiling method 0x0113fa12bc39 <JSFunction read (sfi = 00000022DE514CA9)> (target MAGLEV), mode: ConcurrencyMode::kConcurrent]
[completed compiling 0x006e113802a9 <JSFunction run (sfi = 0000012D5A263051)> (target MAGLEV) OSR - took 0.001, 0.444, 0.010 ms]
[completed compiling 0x0113fa12bc39 <JSFunction read (sfi = 00000022DE514CA9)> (target MAGLEV) - took 0.000, 0.121, 0.002 ms]
[compiling method 0x006e113802a9 <JSFunction run (sfi = 0000012D5A263051)> (target TURBOFAN_JS) OSR, mode: ConcurrencyMode::kConcurrent]
[completed compiling 0x0113fa1264c1 <JSFunction get value (sfi = 0000012D5A24F371)> (target TURBOFAN_JS) - took 0.012, 1.095, 0.019 ms]
[completed optimizing 0x0113fa1264c1 <JSFunction get value (sfi = 0000012D5A24F371)> (target TURBOFAN_JS)]
[completed compiling 0x006e113802a9 <JSFunction run (sfi = 0000012D5A263051)> (target TURBOFAN_JS) OSR - took 0.007, 1.860, 0.017 ms]
[completed optimizing 0x006e113802a9 <JSFunction run (sfi = 0000012D5A263051)> (target TURBOFAN_JS) OSR]
[bailout (kind: deopt-eager, reason: prepare for on stack replacement (OSR)): begin. deoptimizing 0x006e113802a9 <JSFunction run (sfi = 0000012D5A263051)>, 0x02a74369c851 <Code MAGLEV>, opt id 17, bytecode offset 33, deopt exit 17, FP to SP delta 120, caller SP 0x00f67cbfe990, pc 0x022934238a87]
[bailout (kind: deopt-eager, reason: Insufficient type feedback for generic named access): begin. deoptimizing 0x006e113802a9 <JSFunction run (sfi = 0000012D5A263051)>, 0x02a7436949b9 <Code TURBOFAN_JS>, opt id 19, bytecode offset 52, deopt exit 11, FP to SP delta 160, caller SP 0x00f67cbfe990, pc 0x0229342391c1]
