[marking 0x034e08f48e91 <JSFunction isPathSeparator (sfi = 0000004C9F395171)> for optimization to MAGLEV, ConcurrencyMode::kConcurrent, reason: hot and stable]
[compiling method 0x034e08f48e91 <JSFunction isPathSeparator (sfi = 0000004C9F395171)> (target MAGLEV), mode: ConcurrencyMode::kConcurrent]
[marking 0x034e08f49011 <JSFunction normalizeString (sfi = 0000004C9F395471)> for optimization to MAGLEV, ConcurrencyMode::kConcurrent, reason: hot and stable]
[completed compiling 0x034e08f48e91 <JSFunction isPathSeparator (sfi = 0000004C9F395171)> (target MAGLEV) - took 0.001, 0.117, 0.001 ms]
[compiling method 0x034e08f49011 <JSFunction normalizeString (sfi = 0000004C9F395471)> (target MAGLEV), mode: ConcurrencyMode::kConcurrent]
[completed compiling 0x034e08f49011 <JSFunction normalizeString (sfi = 0000004C9F395471)> (target MAGLEV) - took 0.000, 0.514, 0.002 ms]
[marking 0x00c533ec7c29 <JSFunction nextPart (sfi = 0000004C9F3AD949)> for optimization to MAGLEV, ConcurrencyMode::kConcurrent, reason: hot and stable]
[compiling method 0x00c533ec7c29 <JSFunction nextPart (sfi = 0000004C9F3AD949)> (target MAGLEV), mode: ConcurrencyMode::kConcurrent]
[completed compiling 0x00c533ec7c29 <JSFunction nextPart (sfi = 0000004C9F3AD949)> (target MAGLEV) - took 0.000, 0.244, 0.001 ms]
[marking 0x034e08f482f9 <JSFunction getPathFromURLWin32 (sfi = 0000004C9F39CDF1)> for optimization to MAGLEV, ConcurrencyMode::kConcurrent, reason: hot and stable]
[compiling method 0x034e08f482f9 <JSFunction getPathFromURLWin32 (sfi = 0000004C9F39CDF1)> (target MAGLEV), mode: ConcurrencyMode::kConcurrent]
[completed compiling 0x034e08f482f9 <JSFunction getPathFromURLWin32 (sfi = 0000004C9F39CDF1)> (target MAGLEV) - took 0.001, 0.400, 0.006 ms]
[marking 0x00368b27e769 <JSFunction inlineWrite (sfi = 000001BAF234EC49)> for optimization to MAGLEV, ConcurrencyMode::kConcurrent, reason: hot and stable]
[marking 0x00368b27f761 <JSFunction set value (sfi = 000001BAF234F3D9)> for optimization to MAGLEV, ConcurrencyMode::kConcurrent, reason: hot and stable]
[marking 0x01df9b3f2f31 <JSFunction write (sfi = 000001DF9B3D4D21)> for optimization to MAGLEV, ConcurrencyMode::kConcurrent, reason: hot and stable]
[compiling method 0x01df9b3f2f31 <JSFunction write (sfi = 000001DF9B3D4D21)> (target MAGLEV), mode: ConcurrencyMode::kConcurrent]
[compiling method 0x00368b27f761 <JSFunction set value (sfi = 000001BAF234F3D9)> (target MAGLEV), mode: ConcurrencyMode::kConcurrent]
[compiling method 0x00368b27e769 <JSFunction inlineWrite (sfi = 000001BAF234EC49)> (target MAGLEV), mode: ConcurrencyMode::kConcurrent]
[marking 0x018653f002a9 <JSFunction run (sfi = 000001BAF2363129)> for optimization to MAGLEV, ConcurrencyMode::kConcurrent, reason: hot and stable]
[compiling method 0x018653f002a9 <JSFunction run (sfi = 000001BAF2363129)> (target MAGLEV) OSR, mode: ConcurrencyMode::kConcurrent]
[completed compiling 0x01df9b3f2f31 <JSFunction write (sfi = 000001DF9B3D4D21)> (target MAGLEV) - took 0.000, 0.102, 0.003 ms]
[completed compiling 0x00368b27e769 <JSFunction inlineWrite (sfi = 000001BAF234EC49)> (target MAGLEV) - took 0.000, 0.101, 0.007 ms]
[completed compiling 0x00368b27f761 <JSFunction set value (sfi = 000001BAF234F3D9)> (target MAGLEV) - took 0.000, 0.187, 0.004 ms]
[completed compiling 0x018653f002a9 <JSFunction run (sfi = 000001BAF2363129)> (target MAGLEV) OSR - took 0.000, 0.249, 0.003 ms]
[compiling method 0x018653f002a9 <JSFunction run (sfi = 000001BAF2363129)> (target TURBOFAN_JS) OSR, mode: ConcurrencyMode::kConcurrent]
[marking 0x00368b27f761 <JSFunction set value (sfi = 000001BAF234F3D9)> for optimization to TURBOFAN_JS, ConcurrencyMode::kConcurrent, reason: hot and stable]
[compiling method 0x00368b27f761 <JSFunction set value (sfi = 000001BAF234F3D9)> (target TURBOFAN_JS), mode: ConcurrencyMode::kConcurrent]
[completed compiling 0x00368b27f761 <JSFunction set value (sfi = 000001BAF234F3D9)> (target TURBOFAN_JS) - took 0.003, 0.800, 0.014 ms]
[completed optimizing 0x00368b27f761 <JSFunction set value (sfi = 000001BAF234F3D9)> (target TURBOFAN_JS)]
[completed compiling 0x018653f002a9 <JSFunction run (sfi = 000001BAF2363129)> (target TURBOFAN_JS) OSR - took 0.006, 1.128, 0.010 ms]
[completed optimizing 0x018653f002a9 <JSFunction run (sfi = 000001BAF2363129)> (target TURBOFAN_JS) OSR]
[bailout (kind: deopt-eager, reason: prepare for on stack replacement (OSR)): begin. deoptimizing 0x018653f002a9 <JSFunction run (sfi = 000001BAF2363129)>, 0x0397bc50ad69 <Code MAGLEV>, opt id 7, bytecode offset 44, deopt exit 12, FP to SP delta 88, caller SP 0x0043be9fea90, pc 0x01ad2225e2c3]
[marking dependent code 0x0397bc50a239 <Code MAGLEV> (0x01df9b3d4d21 <SharedFunctionInfo write>) (opt id 4) for deoptimization, reason: embedded weak objects cleared]
[marking dependent code 0x0397bc50b141 <Code TURBOFAN_JS> (0x01baf234f3d9 <SharedFunctionInfo set value>) (opt id 9) for deoptimization, reason: embedded weak objects cleared]
[marking 0x033d1b0c02a9 <JSFunction run (sfi = 000001BAF2363129)> for optimization to MAGLEV, ConcurrencyMode::kConcurrent, reason: hot and stable]
[compiling method 0x033d1b0c02a9 <JSFunction run (sfi = 000001BAF2363129)> (target MAGLEV) OSR, mode: ConcurrencyMode::kConcurrent]
[marking 0x01df9b3f2f31 <JSFunction write (sfi = 000001DF9B3D4D21)> for optimization to MAGLEV, ConcurrencyMode::kConcurrent, reason: hot and stable]
[compiling method 0x01df9b3f2f31 <JSFunction write (sfi = 000001DF9B3D4D21)> (target MAGLEV), mode: ConcurrencyMode::kConcurrent]
[completed compiling 0x01df9b3f2f31 <JSFunction write (sfi = 000001DF9B3D4D21)> (target MAGLEV) - took 0.000, 0.085, 0.003 ms]
[completed compiling 0x033d1b0c02a9 <JSFunction run (sfi = 000001BAF2363129)> (target MAGLEV) OSR - took 0.000, 0.228, 0.003 ms]
[compiling method 0x033d1b0c02a9 <JSFunction run (sfi = 000001BAF2363129)> (target TURBOFAN_JS) OSR, mode: ConcurrencyMode::kConcurrent]
[marking 0x00368b27f761 <JSFunction set value (sfi = 000001BAF234F3D9)> for optimization to TURBOFAN_JS, ConcurrencyMode::kConcurrent, reason: hot and stable]
[compiling method 0x00368b27f761 <JSFunction set value (sfi = 000001BAF234F3D9)> (target TURBOFAN_JS), mode: ConcurrencyMode::kConcurrent]
[marking 0x00368b27e769 <JSFunction inlineWrite (sfi = 000001BAF234EC49)> for optimization to TURBOFAN_JS, ConcurrencyMode::kConcurrent, reason: hot and stable]
[compiling method 0x00368b27e769 <JSFunction inlineWrite (sfi = 000001BAF234EC49)> (target TURBOFAN_JS), mode: ConcurrencyMode::kConcurrent]
[completed compiling 0x00368b27e769 <JSFunction inlineWrite (sfi = 000001BAF234EC49)> (target TURBOFAN_JS) - took 0.024, 0.768, 0.016 ms]
[completed optimizing 0x00368b27e769 <JSFunction inlineWrite (sfi = 000001BAF234EC49)> (target TURBOFAN_JS)]
[completed compiling 0x00368b27f761 <JSFunction set value (sfi = 000001BAF234F3D9)> (target TURBOFAN_JS) - took 0.005, 0.834, 0.012 ms]
[completed optimizing 0x00368b27f761 <JSFunction set value (sfi = 000001BAF234F3D9)> (target TURBOFAN_JS)]
[completed compiling 0x033d1b0c02a9 <JSFunction run (sfi = 000001BAF2363129)> (target TURBOFAN_JS) OSR - took 0.005, 1.322, 0.014 ms]
[completed optimizing 0x033d1b0c02a9 <JSFunction run (sfi = 000001BAF2363129)> (target TURBOFAN_JS) OSR]
[bailout (kind: deopt-eager, reason: prepare for on stack replacement (OSR)): begin. deoptimizing 0x033d1b0c02a9 <JSFunction run (sfi = 000001BAF2363129)>, 0x01b2c369ad61 <Code MAGLEV>, opt id 11, bytecode offset 44, deopt exit 12, FP to SP delta 88, caller SP 0x0043be9fea90, pc 0x01ad2225ed43]
[marking dependent code 0x01b2c369b431 <Code TURBOFAN_JS> (0x01baf234f3d9 <SharedFunctionInfo set value>) (opt id 13) for deoptimization, reason: embedded weak objects cleared]
[marking dependent code 0x01b2c369a5e9 <Code MAGLEV> (0x01df9b3d4d21 <SharedFunctionInfo write>) (opt id 10) for deoptimization, reason: embedded weak objects cleared]
[marking 0x00368b27f761 <JSFunction set value (sfi = 000001BAF234F3D9)> for optimization to TURBOFAN_JS, ConcurrencyMode::kConcurrent, reason: hot and stable]
[compiling method 0x00368b27f761 <JSFunction set value (sfi = 000001BAF234F3D9)> (target TURBOFAN_JS), mode: ConcurrencyMode::kConcurrent]
[marking 0x018653{"status":"ok","measured":[{"durationNs":2342700}],"warmups":3,"samples":1,"iterations":200000,"runtimeId":"rfsg-W1","kind":"source-unobserved-write"}f002a9 <JSFunction run (sfi = 000001BAF2363129)> for optimization to MAGLEV, ConcurrencyMode::kConcurrent, reason: hot and stable]
[compiling method 0x018653f002a9 <JSFunction run (sfi = 000001BAF2363129)> (target MAGLEV) OSR, mode: ConcurrencyMode::kConcurrent]
[completed compiling 0x018653f002a9 <JSFunction run (sfi = 000001BAF2363129)> (target MAGLEV) OSR - took 0.001, 0.326, 0.008 ms]
[compiling method 0x018653f002a9 <JSFunction run (sfi = 000001BAF2363129)> (target TURBOFAN_JS) OSR, mode: ConcurrencyMode::kConcurrent]
[completed compiling 0x00368b27f761 <JSFunction set value (sfi = 000001BAF234F3D9)> (target TURBOFAN_JS) - took 0.009, 0.942, 0.018 ms]
[completed optimizing 0x00368b27f761 <JSFunction set value (sfi = 000001BAF234F3D9)> (target TURBOFAN_JS)]
[completed compiling 0x018653f002a9 <JSFunction run (sfi = 000001BAF2363129)> (target TURBOFAN_JS) OSR - took 0.012, 1.361, 0.013 ms]
[completed optimizing 0x018653f002a9 <JSFunction run (sfi = 000001BAF2363129)> (target TURBOFAN_JS) OSR]
[bailout (kind: deopt-eager, reason: prepare for on stack replacement (OSR)): begin. deoptimizing 0x018653f002a9 <JSFunction run (sfi = 000001BAF2363129)>, 0x01b2c369bba9 <Code MAGLEV>, opt id 16, bytecode offset 44, deopt exit 12, FP to SP delta 88, caller SP 0x0043be9fea90, pc 0x01ad2225f843]
[marking dependent code 0x01b2c3693371 <Code TURBOFAN_JS> (0x01baf234f3d9 <SharedFunctionInfo set value>) (opt id 15) for deoptimization, reason: embedded weak objects cleared]
[marking dependent code 0x01b2c369b059 <Code TURBOFAN_JS> (0x01baf234ec49 <SharedFunctionInfo inlineWrite>) (opt id 14) for deoptimization, reason: embedded weak objects cleared]
[marking 0x00368b27f761 <JSFunction set value (sfi = 000001BAF234F3D9)> for optimization to TURBOFAN_JS, ConcurrencyMode::kConcurrent, reason: hot and stable]
[compiling method 0x00368b27f761 <JSFunction set value (sfi = 000001BAF234F3D9)> (target TURBOFAN_JS), mode: ConcurrencyMode::kConcurrent]
[marking 0x033d1b0c02a9 <JSFunction run (sfi = 000001BAF2363129)> for optimization to MAGLEV, ConcurrencyMode::kConcurrent, reason: hot and stable]
[compiling method 0x033d1b0c02a9 <JSFunction run (sfi = 000001BAF2363129)> (target MAGLEV) OSR, mode: ConcurrencyMode::kConcurrent]
[marking 0x01df9b3f2f31 <JSFunction write (sfi = 000001DF9B3D4D21)> for optimization to MAGLEV, ConcurrencyMode::kConcurrent, reason: hot and stable]
[compiling method 0x01df9b3f2f31 <JSFunction write (sfi = 000001DF9B3D4D21)> (target MAGLEV), mode: ConcurrencyMode::kConcurrent]
[completed compiling 0x033d1b0c02a9 <JSFunction run (sfi = 000001BAF2363129)> (target MAGLEV) OSR - took 0.001, 0.266, 0.005 ms]
[compiling method 0x033d1b0c02a9 <JSFunction run (sfi = 000001BAF2363129)> (target TURBOFAN_JS) OSR, mode: ConcurrencyMode::kConcurrent]
[completed compiling 0x01df9b3f2f31 <JSFunction write (sfi = 000001DF9B3D4D21)> (target MAGLEV) - took 0.000, 0.075, 0.001 ms]
[completed compiling 0x00368b27f761 <JSFunction set value (sfi = 000001BAF234F3D9)> (target TURBOFAN_JS) - took 0.006, 0.773, 0.013 ms]
[completed optimizing 0x00368b27f761 <JSFunction set value (sfi = 000001BAF234F3D9)> (target TURBOFAN_JS)]
[completed compiling 0x033d1b0c02a9 <JSFunction run (sfi = 000001BAF2363129)> (target TURBOFAN_JS) OSR - took 0.015, 1.334, 0.021 ms]
[completed optimizing 0x033d1b0c02a9 <JSFunction run (sfi = 000001BAF2363129)> (target TURBOFAN_JS) OSR]
[bailout (kind: deopt-eager, reason: prepare for on stack replacement (OSR)): begin. deoptimizing 0x033d1b0c02a9 <JSFunction run (sfi = 000001BAF2363129)>, 0x01b2c369b7d1 <Code MAGLEV>, opt id 19, bytecode offset 44, deopt exit 12, FP to SP delta 88, caller SP 0x0043be9fea90, pc 0x01ad2225de03]
