[marking 0x0378f34c8e91 <JSFunction isPathSeparator (sfi = 000001669F015171)> for optimization to MAGLEV, ConcurrencyMode::kConcurrent, reason: hot and stable]
[compiling method 0x0378f34c8e91 <JSFunction isPathSeparator (sfi = 000001669F015171)> (target MAGLEV), mode: ConcurrencyMode::kConcurrent]
[marking 0x0378f34c9011 <JSFunction normalizeString (sfi = 000001669F015471)> for optimization to MAGLEV, ConcurrencyMode::kConcurrent, reason: hot and stable]
[completed compiling 0x0378f34c8e91 <JSFunction isPathSeparator (sfi = 000001669F015171)> (target MAGLEV) - took 0.001, 0.136, 0.002 ms]
[compiling method 0x0378f34c9011 <JSFunction normalizeString (sfi = 000001669F015471)> (target MAGLEV), mode: ConcurrencyMode::kConcurrent]
[completed compiling 0x0378f34c9011 <JSFunction normalizeString (sfi = 000001669F015471)> (target MAGLEV) - took 0.001, 0.619, 0.002 ms]
[marking 0x03b234087c29 <JSFunction nextPart (sfi = 000001669F02D949)> for optimization to MAGLEV, ConcurrencyMode::kConcurrent, reason: hot and stable]
[compiling method 0x03b234087c29 <JSFunction nextPart (sfi = 000001669F02D949)> (target MAGLEV), mode: ConcurrencyMode::kConcurrent]
[completed compiling 0x03b234087c29 <JSFunction nextPart (sfi = 000001669F02D949)> (target MAGLEV) - took 0.000, 0.268, 0.001 ms]
[marking 0x0378f34c82f9 <JSFunction getPathFromURLWin32 (sfi = 000001669F01CDF1)> for optimization to MAGLEV, ConcurrencyMode::kConcurrent, reason: hot and stable]
[compiling method 0x0378f34c82f9 <JSFunction getPathFromURLWin32 (sfi = 000001669F01CDF1)> (target MAGLEV), mode: ConcurrencyMode::kConcurrent]
[completed compiling 0x0378f34c82f9 <JSFunction getPathFromURLWin32 (sfi = 000001669F01CDF1)> (target MAGLEV) - took 0.001, 0.450, 0.007 ms]
[marking 0x03a32443da39 <JSFunction inlineWrite (sfi = 000000C2D020EA71)> for optimization to MAGLEV, ConcurrencyMode::kConcurrent, reason: hot and stable]
[marking 0x03a32443ea31 <JSFunction set value (sfi = 000000C2D020F201)> for optimization to MAGLEV, ConcurrencyMode::kConcurrent, reason: hot and stable]
[marking 0x020385c357a9 <JSFunction write (sfi = 000000C2D0222479)> for optimization to MAGLEV, ConcurrencyMode::kConcurrent, reason: hot and stable]
[compiling method 0x020385c357a9 <JSFunction write (sfi = 000000C2D0222479)> (target MAGLEV), mode: ConcurrencyMode::kConcurrent]
[compiling method 0x03a32443ea31 <JSFunction set value (sfi = 000000C2D020F201)> (target MAGLEV), mode: ConcurrencyMode::kConcurrent]
[compiling method 0x03a32443da39 <JSFunction inlineWrite (sfi = 000000C2D020EA71)> (target MAGLEV), mode: ConcurrencyMode::kConcurrent]
[marking 0x001fa3b402a9 <JSFunction run (sfi = 000000C2D02232F9)> for optimization to MAGLEV, ConcurrencyMode::kConcurrent, reason: hot and stable]
[compiling method 0x001fa3b402a9 <JSFunction run (sfi = 000000C2D02232F9)> (target MAGLEV) OSR, mode: ConcurrencyMode::kConcurrent]
[completed compiling 0x020385c357a9 <JSFunction write (sfi = 000000C2D0222479)> (target MAGLEV) - took 0.001, 0.146, 0.004 ms]
[completed compiling 0x03a32443ea31 <JSFunction set value (sfi = 000000C2D020F201)> (target MAGLEV) - took 0.000, 0.201, 0.003 ms]
[completed compiling 0x03a32443da39 <JSFunction inlineWrite (sfi = 000000C2D020EA71)> (target MAGLEV) - took 0.000, 0.251, 0.010 ms]
[completed compiling 0x001fa3b402a9 <JSFunction run (sfi = 000000C2D02232F9)> (target MAGLEV) OSR - took 0.000, 0.298, 0.004 ms]
[compiling method 0x001fa3b402a9 <JSFunction run (sfi = 000000C2D02232F9)> (target TURBOFAN_JS) OSR, mode: ConcurrencyMode::kConcurrent]
[marking 0x03a32443ea31 <JSFunction set value (sfi = 000000C2D020F201)> for optimization to TURBOFAN_JS, ConcurrencyMode::kConcurrent, reason: hot and stable]
[compiling method 0x03a32443ea31 <JSFunction set value (sfi = 000000C2D020F201)> (target TURBOFAN_JS), mode: ConcurrencyMode::kConcurrent]
[marking 0x03a32443da39 <JSFunction inlineWrite (sfi = 000000C2D020EA71)> for optimization to TURBOFAN_JS, ConcurrencyMode::kConcurrent, reason: hot and stable]
[compiling method 0x03a32443da39 <JSFunction inlineWrite (sfi = 000000C2D020EA71)> (target TURBOFAN_JS), mode: ConcurrencyMode::kConcurrent]
[completed compiling 0x03a32443da39 <JSFunction inlineWrite (sfi = 000000C2D020EA71)> (target TURBOFAN_JS) - took 0.021, 0.986, 0.024 ms]
[completed optimizing 0x03a32443da39 <JSFunction inlineWrite (sfi = 000000C2D020EA71)> (target TURBOFAN_JS)]
[completed compiling 0x03a32443ea31 <JSFunction set value (sfi = 000000C2D020F201)> (target TURBOFAN_JS) - took 0.018, 1.179, 0.013 ms]
[completed optimizing 0x03a32443ea31 <JSFunction set value (sfi = 000000C2D020F201)> (target TURBOFAN_JS)]
[completed compiling 0x001fa3b402a9 <JSFunction run (sfi = 000000C2D02232F9)> (target TURBOFAN_JS) OSR - took 0.024, 1.724, 0.015 ms]
[completed optimizing 0x001fa3b402a9 <JSFunction run (sfi = 000000C2D02232F9)> (target TURBOFAN_JS) OSR]
[bailout (kind: deopt-eager, reason: prepare for on stack replacement (OSR)): begin. deoptimizing 0x001fa3b402a9 <JSFunction run (sfi = 000000C2D02232F9)>, 0x00298ab80979 <Code MAGLEV>, opt id 7, bytecode offset 44, deopt exit 12, FP to SP delta 88, caller SP 0x00d8beffedd0, pc 0x02078009b2c3]
[marking dependent code 0x02a96090a6e1 <Code MAGLEV> (0x00c2d0222479 <SharedFunctionInfo write>) (opt id 4) for deoptimization, reason: embedded weak objects cleared]
[marking dependent code 0x02a96090b2f9 <Code TURBOFAN_JS> (0x00c2d020f201 <SharedFunctionInfo set value>) (opt id 9) for deoptimization, reason: embedded weak objects cleared]
[marking 0x006dbdc802a9 <JSFunction run (sfi = 000000C2D02232F9)> for optimization to MAGLEV, ConcurrencyMode::kConcurrent, reason: hot and stable]
[compiling method 0x006dbdc802a9 <JSFunction run (sfi = 000000C2D02232F9)> (target MAGLEV) OSR, mode: ConcurrencyMode::kConcurrent]
[marking 0x020385c357a9 <JSFunction write (sfi = 000000C2D0222479)> for optimization to MAGLEV, ConcurrencyMode::kConcurrent, reason: hot and stable]
[compiling method 0x020385c357a9 <JSFunction write (sfi = 000000C2D0222479)> (target MAGLEV), mode: ConcurrencyMode::kConcurrent]
[completed compiling 0x006dbdc802a9 <JSFunction run (sfi = 000000C2D02232F9)> (target MAGLEV) OSR - took 0.001, 0.443, 0.006 ms]
[compiling method 0x006dbdc802a9 <JSFunction run (sfi = 000000C2D02232F9)> (target TURBOFAN_JS) OSR, mode: ConcurrencyMode::kConcurrent]
[completed compiling 0x020385c357a9 <JSFunction write (sfi = 000000C2D0222479)> (target MAGLEV) - took 0.000, 0.097, 0.004 ms]
[marking 0x03a32443ea31 <JSFunction set value (sfi = 000000C2D020F201)> for optimization to TURBOFAN_JS, ConcurrencyMode::kConcurrent, reason: hot and stable]
[compiling method 0x03a32443ea31 <JSFunction set value (sfi = 000000C2D020F201)> (target TURBOFAN_JS), mode: ConcurrencyMode::kConcurrent]
[completed compiling 0x03a32443ea31 <JSFunction set value (sfi = 000000C2D020F201)> (target TURBOFAN_JS) - took 0.003, 1.167, 0.021 ms]
[completed optimizing 0x03a32443ea31 <JSFunction set value (sfi = 000000C2D020F201)> (target TURBOFAN_JS)]
[completed compiling 0x006dbdc802a9 <JSFunction run (sfi = 000000C2D02232F9)> (target TURBOFAN_JS) OSR - took 0.024, 1.850, 0.015 ms]
[completed optimizing 0x006dbdc802a9 <JSFunction run (sfi = 000000C2D02232F9)> (target TURBOFAN_JS) OSR]
[bailout (kind: deopt-eager, reason: prepare for on stack replacement (OSR)): begin. deoptimizing 0x006dbdc802a9 <JSFunction run (sfi = 000000C2D02232F9)>, 0x0265ae91b679 <Code MAGLEV>, opt id 11, bytecode offset 44, deopt exit 12, FP to SP delta 88, caller SP 0x00d8beffedd0, pc 0x02078005ce03]
[marking dependent code 0x0265ae91bcf1 <Code TURBOFAN_JS> (0x00c2d020f201 <SharedFunctionInfo set value>) (opt id 14) for deoptimization, reason: embedded weak objects cleared]
[marking dependent code 0x0265ae91b8a1 <Code MAGLEV> (0x00c2d0222479 <SharedFunctionInfo write>) (opt id 13) for deoptimization, reason: embedded weak objects cleared]
[marking 0x03a32443ea31 <JSFunction set value (sfi = 000000C2D020F201)> for optimization to TURBOFAN_JS, ConcurrencyMode::kConcurrent, reason: hot and stable]
[compiling method 0x03a32443ea31 <JSFunction set value (sfi = 000000C2D020F201)> (target TURBOFAN_JS), mode: ConcurrencyMode::kConcurrent]
[marking 0x001fa3{"status":"ok","measured":[{"durationNs":4922600}],"warmups":3,"samples":1,"iterations":200000,"runtimeId":"rfsg-current","kind":"source-unobserved-write"}b402a9 <JSFunction run (sfi = 000000C2D02232F9)> for optimization to MAGLEV, ConcurrencyMode::kConcurrent, reason: hot and stable]
[compiling method 0x001fa3b402a9 <JSFunction run (sfi = 000000C2D02232F9)> (target MAGLEV) OSR, mode: ConcurrencyMode::kConcurrent]
[completed compiling 0x001fa3b402a9 <JSFunction run (sfi = 000000C2D02232F9)> (target MAGLEV) OSR - took 0.000, 0.342, 0.006 ms]
[compiling method 0x001fa3b402a9 <JSFunction run (sfi = 000000C2D02232F9)> (target TURBOFAN_JS) OSR, mode: ConcurrencyMode::kConcurrent]
[completed compiling 0x03a32443ea31 <JSFunction set value (sfi = 000000C2D020F201)> (target TURBOFAN_JS) - took 0.017, 1.164, 0.018 ms]
[completed optimizing 0x03a32443ea31 <JSFunction set value (sfi = 000000C2D020F201)> (target TURBOFAN_JS)]
[completed compiling 0x001fa3b402a9 <JSFunction run (sfi = 000000C2D02232F9)> (target TURBOFAN_JS) OSR - took 0.004, 1.778, 0.022 ms]
[completed optimizing 0x001fa3b402a9 <JSFunction run (sfi = 000000C2D02232F9)> (target TURBOFAN_JS) OSR]
[bailout (kind: deopt-eager, reason: prepare for on stack replacement (OSR)): begin. deoptimizing 0x001fa3b402a9 <JSFunction run (sfi = 000000C2D02232F9)>, 0x0265ae91c469 <Code MAGLEV>, opt id 16, bytecode offset 44, deopt exit 12, FP to SP delta 88, caller SP 0x00d8beffedd0, pc 0x02078005d8c3]
[marking dependent code 0x0265ae91c8b9 <Code TURBOFAN_JS> (0x00c2d020f201 <SharedFunctionInfo set value>) (opt id 15) for deoptimization, reason: embedded weak objects cleared]
[marking dependent code 0x0265ae913ad9 <Code TURBOFAN_JS> (0x00c2d020ea71 <SharedFunctionInfo inlineWrite>) (opt id 10) for deoptimization, reason: embedded weak objects cleared]
[marking 0x03a32443ea31 <JSFunction set value (sfi = 000000C2D020F201)> for optimization to TURBOFAN_JS, ConcurrencyMode::kConcurrent, reason: hot and stable]
[compiling method 0x03a32443ea31 <JSFunction set value (sfi = 000000C2D020F201)> (target TURBOFAN_JS), mode: ConcurrencyMode::kConcurrent]
[marking 0x006dbdc802a9 <JSFunction run (sfi = 000000C2D02232F9)> for optimization to MAGLEV, ConcurrencyMode::kConcurrent, reason: hot and stable]
[compiling method 0x006dbdc802a9 <JSFunction run (sfi = 000000C2D02232F9)> (target MAGLEV) OSR, mode: ConcurrencyMode::kConcurrent]
[completed compiling 0x006dbdc802a9 <JSFunction run (sfi = 000000C2D02232F9)> (target MAGLEV) OSR - took 0.001, 0.366, 0.007 ms]
[compiling method 0x006dbdc802a9 <JSFunction run (sfi = 000000C2D02232F9)> (target TURBOFAN_JS) OSR, mode: ConcurrencyMode::kConcurrent]
[completed compiling 0x03a32443ea31 <JSFunction set value (sfi = 000000C2D020F201)> (target TURBOFAN_JS) - took 0.017, 1.221, 0.024 ms]
[completed optimizing 0x03a32443ea31 <JSFunction set value (sfi = 000000C2D020F201)> (target TURBOFAN_JS)]
[completed compiling 0x006dbdc802a9 <JSFunction run (sfi = 000000C2D02232F9)> (target TURBOFAN_JS) OSR - took 0.004, 1.890, 0.027 ms]
[completed optimizing 0x006dbdc802a9 <JSFunction run (sfi = 000000C2D02232F9)> (target TURBOFAN_JS) OSR]
[bailout (kind: deopt-eager, reason: prepare for on stack replacement (OSR)): begin. deoptimizing 0x006dbdc802a9 <JSFunction run (sfi = 000000C2D02232F9)>, 0x0265ae91d031 <Code MAGLEV>, opt id 19, bytecode offset 44, deopt exit 12, FP to SP delta 88, caller SP 0x00d8beffedd0, pc 0x02078005ccc3]
